Component: ARM Compiler 6.14 Tool: armlink [5db06800]

==============================================================================

Section Cross References

    main.o(.text) refers (Special) to _printf_f.o(.ARM.Collect$$_printf_percent$$00000003) for _printf_f
    main.o(.text) refers (Special) to printf1.o(x$fpl$printf1) for _printf_fp_dec
    main.o(.text) refers (Special) to _printf_hex_int.o(.text) for _printf_longlong_hex
    main.o(.text) refers (Special) to _printf_percent.o(.ARM.Collect$$_printf_percent$$00000000) for _printf_percent
    main.o(.text) refers (Special) to _printf_pad.o(.text) for _printf_pre_padding
    main.o(.text) refers (Special) to _printf_x.o(.ARM.Collect$$_printf_percent$$0000000C) for _printf_x
    main.o(.text.main) refers (Special) to _printf_f.o(.ARM.Collect$$_printf_percent$$00000003) for _printf_f
    main.o(.text.main) refers (Special) to printf1.o(x$fpl$printf1) for _printf_fp_dec
    main.o(.text.main) refers (Special) to _printf_hex_int.o(.text) for _printf_longlong_hex
    main.o(.text.main) refers (Special) to _printf_percent.o(.ARM.Collect$$_printf_percent$$00000000) for _printf_percent
    main.o(.text.main) refers (Special) to _printf_pad.o(.text) for _printf_pre_padding
    main.o(.text.main) refers (Special) to _printf_x.o(.ARM.Collect$$_printf_percent$$0000000C) for _printf_x
    main.o(.text.main) refers to system_stm32f10x.o(.text.SystemInit) for SystemInit
    main.o(.text.main) refers to stm32f10x_rcc.o(.text.RCC_DeInit) for RCC_DeInit
    main.o(.text.main) refers to stm32f10x_rcc.o(.text.RCC_HSEConfig) for RCC_HSEConfig
    main.o(.text.main) refers to stm32f10x_rcc.o(.text.RCC_HSICmd) for RCC_HSICmd
    main.o(.text.main) refers to stm32f10x_rcc.o(.text.RCC_GetFlagStatus) for RCC_GetFlagStatus
    main.o(.text.main) refers to tft.o(.text.TFT_Init) for TFT_Init
    main.o(.text.main) refers to uart.o(.text.GPIO_Config) for GPIO_Config
    main.o(.text.main) refers to uart.o(.text.UART_Init) for UART_Init
    main.o(.text.main) refers to max30102.o(.text.I2C_Config) for I2C_Config
    main.o(.text.main) refers to max30102.o(.text.MAX30102_Init) for MAX30102_Init
    main.o(.text.main) refers to uart.o(.text.UART_SendString) for UART_SendString
    main.o(.text.main) refers to tft.o(.text.TFT_FillScreen) for TFT_FillScreen
    main.o(.text.main) refers to tft.o(.text.TFT_ClearScreen) for TFT_ClearScreen
    main.o(.text.main) refers to main.o(.text.I2C_ScanAddresses) for I2C_ScanAddresses
    main.o(.text.main) refers to main.o(.text.vTaskReadSensor) for vTaskReadSensor
    main.o(.text.main) refers to tasks.o(.text.xTaskCreate) for xTaskCreate
    main.o(.text.main) refers to main.o(.text.vTaskDisplayTFT) for vTaskDisplayTFT
    main.o(.text.main) refers to main.o(.rodata.str1.1) for .L.str.6
    main.o(.text.main) refers to main.o(.text.vTaskButton) for vTaskButton
    main.o(.text.main) refers to tasks.o(.text.vTaskStartScheduler) for vTaskStartScheduler
    main.o(.ARM.exidx.text.main) refers (Special) to _printf_f.o(.ARM.Collect$$_printf_percent$$00000003) for _printf_f
    main.o(.ARM.exidx.text.main) refers (Special) to printf1.o(x$fpl$printf1) for _printf_fp_dec
    main.o(.ARM.exidx.text.main) refers (Special) to _printf_hex_int.o(.text) for _printf_longlong_hex
    main.o(.ARM.exidx.text.main) refers (Special) to _printf_percent.o(.ARM.Collect$$_printf_percent$$00000000) for _printf_percent
    main.o(.ARM.exidx.text.main) refers (Special) to _printf_pad.o(.text) for _printf_pre_padding
    main.o(.ARM.exidx.text.main) refers (Special) to _printf_x.o(.ARM.Collect$$_printf_percent$$0000000C) for _printf_x
    main.o(.ARM.exidx.text.main) refers to main.o(.text.main) for [Anonymous Symbol]
    main.o(.text.I2C_ScanAddresses) refers (Special) to _printf_f.o(.ARM.Collect$$_printf_percent$$00000003) for _printf_f
    main.o(.text.I2C_ScanAddresses) refers (Special) to printf1.o(x$fpl$printf1) for _printf_fp_dec
    main.o(.text.I2C_ScanAddresses) refers (Special) to _printf_hex_int.o(.text) for _printf_longlong_hex
    main.o(.text.I2C_ScanAddresses) refers (Special) to _printf_percent.o(.ARM.Collect$$_printf_percent$$00000000) for _printf_percent
    main.o(.text.I2C_ScanAddresses) refers (Special) to _printf_pad.o(.text) for _printf_pre_padding
    main.o(.text.I2C_ScanAddresses) refers (Special) to _printf_x.o(.ARM.Collect$$_printf_percent$$0000000C) for _printf_x
    main.o(.text.I2C_ScanAddresses) refers to main.o(.bss.buffer) for buffer
    main.o(.text.I2C_ScanAddresses) refers to main.o(.text.I2C_CheckAddress) for I2C_CheckAddress
    main.o(.text.I2C_ScanAddresses) refers to noretval__2sprintf.o(.text) for __2sprintf
    main.o(.text.I2C_ScanAddresses) refers to uart.o(.text.UART_SendString) for UART_SendString
    main.o(.ARM.exidx.text.I2C_ScanAddresses) refers (Special) to _printf_f.o(.ARM.Collect$$_printf_percent$$00000003) for _printf_f
[...]
    xActiveTimerList1                        0x2000027c   Data          20  timers.o(.bss.xActiveTimerList1)
    [Anonymous Symbol]                       0x2000027c   Section        0  timers.o(.bss.xActiveTimerList1)
    xActiveTimerList2                        0x20000290   Data          20  timers.o(.bss.xActiveTimerList2)
    [Anonymous Symbol]                       0x20000290   Section        0  timers.o(.bss.xActiveTimerList2)
    xDelayedTaskList1                        0x200002a4   Data          20  tasks.o(.bss.xDelayedTaskList1)
    [Anonymous Symbol]                       0x200002a4   Section        0  tasks.o(.bss.xDelayedTaskList1)
    xDelayedTaskList2                        0x200002b8   Data          20  tasks.o(.bss.xDelayedTaskList2)
    [Anonymous Symbol]                       0x200002b8   Section        0  tasks.o(.bss.xDelayedTaskList2)
    xIdleTaskHandle                          0x200002cc   Data           4  tasks.o(.bss.xIdleTaskHandle)
    [Anonymous Symbol]                       0x200002cc   Section        0  tasks.o(.bss.xIdleTaskHandle)
    xMaximumPossibleSuppressedTicks          0x200002d0   Data           1  port.o(.bss.xMaximumPossibleSuppressedTicks)
    [Anonymous Symbol]                       0x200002d0   Section        0  port.o(.bss.xMaximumPossibleSuppressedTicks)
    xNextTaskUnblockTime                     0x200002d4   Data           4  tasks.o(.bss.xNextTaskUnblockTime)
    [Anonymous Symbol]                       0x200002d4   Section        0  tasks.o(.bss.xNextTaskUnblockTime)
    xNumOfOverflows                          0x200002d8   Data           4  tasks.o(.bss.xNumOfOverflows)
    [Anonymous Symbol]                       0x200002d8   Section        0  tasks.o(.bss.xNumOfOverflows)
    xPendedTicks                             0x200002dc   Data           4  tasks.o(.bss.xPendedTicks)
    [Anonymous Symbol]                       0x200002dc   Section        0  tasks.o(.bss.xPendedTicks)
    xPendingReadyList                        0x200002e0   Data          20  tasks.o(.bss.xPendingReadyList)
    [Anonymous Symbol]                       0x200002e0   Section        0  tasks.o(.bss.xPendingReadyList)
    xSchedulerRunning                        0x20000334   Data           4  tasks.o(.bss.xSchedulerRunning)
    [Anonymous Symbol]                       0x20000334   Section        0  tasks.o(.bss.xSchedulerRunning)
    xSuspendedTaskList                       0x20000338   Data          20  tasks.o(.bss.xSuspendedTaskList)
    [Anonymous Symbol]                       0x20000338   Section        0  tasks.o(.bss.xSuspendedTaskList)
    xTasksWaitingTermination                 0x2000034c   Data          20  tasks.o(.bss.xTasksWaitingTermination)
    [Anonymous Symbol]                       0x2000034c   Section        0  tasks.o(.bss.xTasksWaitingTermination)
    xTickCount                               0x20000360   Data           4  tasks.o(.bss.xTickCount)
    [Anonymous Symbol]                       0x20000360   Section        0  tasks.o(.bss.xTickCount)
    xTimerQueue                              0x20000364   Data           4  timers.o(.bss.xTimerQueue)
    [Anonymous Symbol]                       0x20000364   Section        0  timers.o(.bss.xTimerQueue)
    xTimerTaskHandle                         0x20000368   Data           4  timers.o(.bss.xTimerTaskHandle)
    [Anonymous Symbol]                       0x20000368   Section        0  timers.o(.bss.xTimerTaskHandle)
    xYieldPending                            0x2000036c   Data           4  tasks.o(.bss.xYieldPending)
    [Anonymous Symbol]                       0x2000036c   Section        0  tasks.o(.bss.xYieldPending)
    Heap_Mem                                 0x20000378   Data        8192  startup_stm32f10x_md.o(HEAP)
    HEAP                                     0x20000378   Section     8192  startup_stm32f10x_md.o(HEAP)
    Stack_Mem                                0x20002378   Data        1024  startup_stm32f10x_md.o(STACK)
    STACK                                    0x20002378   Section     1024  startup_stm32f10x_md.o(STACK)
    __initial_sp                             0x20002778   Data           0  startup_stm32f10x_md.o(STACK)

    Global Symbols

    Symbol Name                              Value     Ov Type        Size  Object(Section)

    BuildAttributes$$THM_ISAv4$P$D$K$B$S$PE$A:L22UL41UL21$X:L11$S22US41US21$IEEE1$IW$~IW$USESV6$~STKCKD$USESV7$~SHL$OTIME$ROPI$IEEEJ$EBA8$UX$STANDARDLIB$REQ8$PRES8$EABIv2 0x00000000   Number         0  anon$$obj.o ABSOLUTE
    __fp_init_empty                          0x00000000   Number         0  fpinit_empty.o ABSOLUTE
    _printf_flags                            0x00000000   Number         0  printf_stubs.o ABSOLUTE
    _printf_return_value                     0x00000000   Number         0  printf_stubs.o ABSOLUTE
    _printf_sizespec                         0x00000000   Number         0  printf_stubs.o ABSOLUTE
    _printf_widthprec                        0x00000000   Number         0  printf_stubs.o ABSOLUTE
    __ARM_exceptions_init                     - Undefined Weak Reference
    __alloca_initialize                       - Undefined Weak Reference
    __arm_preinit_                            - Undefined Weak Reference
    __cpp_initialize__aeabi_                  - Undefined Weak Reference
    __cxa_finalize                            - Undefined Weak Reference
    __sigvec_lookup                           - Undefined Weak Reference
    __user_heap_extent                        - Undefined Weak Reference
    _atexit_init                              - Undefined Weak Reference
    _call_atexit_fns                          - Undefined Weak Reference
    _clock_init                               - Undefined Weak Reference
    _fp_trap_init                             - Undefined Weak Reference
    _fp_trap_shutdown                         - Undefined Weak Reference
    _get_lc_collate                           - Undefined Weak Reference
    _get_lc_ctype                             - Undefined Weak Reference
    _get_lc_monetary                          - Undefined Weak Reference
    _get_lc_time                              - Undefined Weak Reference
    _getenv_init                              - Undefined Weak Reference
    _handle_redirection                       - Undefined Weak Reference
    _initio                                   - Undefined Weak Reference
    _mutex_acquire                            - Undefined Weak Reference
    _mutex_free                               - Undefined Weak Reference
    _mutex_release                            - Undefined Weak Reference
    _printf_truncate_signed                   - Undefined Weak Reference
    _printf_truncate_unsigned                 - Undefined Weak Reference
    _rand_init                                - Undefined Weak Reference
    _signal_finish                            - Undefined Weak Reference
    _signal_init                              - Undefined Weak Reference
    _terminateio                              - Undefined Weak Reference
    __Vectors_Size                           0x000000ec   Number         0  startup_stm32f10x_md.o ABSOLUTE
    __Vectors                                0x08000000   Data           4  startup_stm32f10x_md.o(RESET)
    __Vectors_End                            0x080000ec   Data           0  startup_stm32f10x_md.o(RESET)
    __main                                   0x080000ed   Thumb Code     8  __main.o(!!!main)
    __scatterload                            0x080000f5   Thumb Code     0  __scatter.o(!!!scatter)
    __scatterload_rt2                        0x080000f5   Thumb Code    44  __scatter.o(!!!scatter)
    __scatterload_rt2_thumb_only             0x080000f5   Thumb Code     0  __scatter.o(!!!scatter)
    __scatterload_null                       0x08000103   Thumb Code     0  __scatter.o(!!!scatter)
    __scatterload_copy                       0x08000129   Thumb Code    26  __scatter_copy.o(!!handler_copy)
    __scatterload_zeroinit                   0x08000145   Thumb Code    28  __scatter_zi.o(!!handler_zi)
    _printf_f                                0x08000161   Thumb Code     0  _printf_f.o(.ARM.Collect$$_printf_percent$$00000003)
    _printf_percent                          0x08000161   Thumb Code     0  _printf_percent.o(.ARM.Collect$$_printf_percent$$00000000)
    _printf_d                                0x08000167   Thumb Code     0  _printf_d.o(.ARM.Collect$$_printf_percent$$00000009)
    _printf_x                                0x0800016d   Thumb Code     0  _printf_x.o(.ARM.Collect$$_printf_percent$$0000000C)
    _printf_percent_end                      0x08000173   Thumb Code     0  _printf_percent_end.o(.ARM.Collect$$_printf_percent$$00000017)
    __rt_lib_init                            0x08000177   Thumb Code     0  libinit.o(.ARM.Collect$$libinit$$00000000)
    __rt_lib_init_fp_1                       0x08000179   Thumb Code     0  libinit2.o(.ARM.Collect$$libinit$$00000002)
    __rt_lib_init_heap_2                     0x08000179   Thumb Code     0  libinit2.o(.ARM.Collect$$libinit$$00000005)
    __rt_lib_init_preinit_1                  0x08000179   Thumb Code     0  libinit2.o(.ARM.Collect$$libinit$$00000004)
    __rt_lib_init_heap_1                     0x08000181   Thumb Code     0  libinit2.o(.ARM.Collect$$libinit$$0000000A)
    __rt_lib_init_lc_common                  0x08000181   Thumb Code     0  libinit2.o(.ARM.Collect$$libinit$$0000000F)
    __rt_lib_init_rand_1                     0x08000181   Thumb Code     0  libinit2.o(.ARM.Collect$$libinit$$0000000E)
    __rt_lib_init_user_alloc_1               0x08000181   Thumb Code     0  libinit2.o(.ARM.Collect$$libinit$$0000000C)
    __rt_lib_init_lc_collate_1               0x08000187   Thumb Code     0  libinit2.o(.ARM.Collect$$libinit$$00000011)
    __rt_lib_init_lc_ctype_1                 0x08000187   Thumb Code     0  libinit2.o(.ARM.Collect$$libinit$$00000013)
    __rt_lib_init_lc_monetary_1              0x08000187   Thumb Code     0  libinit2.o(.ARM.Collect$$libinit$$00000015)
    __rt_lib_init_lc_numeric_2               0x08000187   Thumb Code     0  libinit2.o(.ARM.Collect$$libinit$$00000016)
    __rt_lib_init_alloca_1                   0x08000191   Thumb Code     0  libinit2.o(.ARM.Collect$$libinit$$0000002E)
    __rt_lib_init_argv_1                     0x08000191   Thumb Code     0  libinit2.o(.ARM.Collect$$libinit$$0000002C)
    __rt_lib_init_atexit_1                   0x08000191   Thumb Code     0  libinit2.o(.ARM.Collect$$libinit$$0000001B)
    __rt_lib_init_clock_1                    0x08000191   Thumb Code     0  libinit2.o(.ARM.Collect$$libinit$$00000021)
    __rt_lib_init_cpp_1                      0x08000191   Thumb Code     0  libinit2.o(.ARM.Collect$$libinit$$00000032)
    __rt_lib_init_exceptions_1               0x08000191   Thumb Code     0  libinit2.o(.ARM.Collect$$libinit$$00000030)
    __rt_lib_init_fp_trap_1                  0x08000191   Thumb Code     0  libinit2.o(.ARM.Collect$$libinit$$0000001F)
    __rt_lib_init_getenv_1                   0x08000191   Thumb Code     0  libinit2.o(.ARM.Collect$$libinit$$00000023)
    __rt_lib_init_lc_numeric_1               0x08000191   Thumb Code     0  libinit2.o(.ARM.Collect$$libinit$$00000017)
    __rt_lib_init_lc_time_1                  0x08000191   Thumb Code     0  libinit2.o(.ARM.Collect$$libinit$$00000019)
    __rt_lib_init_return                     0x08000191   Thumb Code     0  libinit2.o(.ARM.Collect$$libinit$$00000033)
    __rt_lib_init_signal_1                   0x08000191   Thumb Code     0  libinit2.o(.ARM.Collect$$libinit$$0000001D)
    __rt_lib_init_stdio_1                    0x08000191   Thumb Code     0  libinit2.o(.ARM.Collect$$libinit$$00000025)
    __rt_lib_shutdown                        0x08000193   Thumb Code     0  libshutdown.o(.ARM.Collect$$libshutdown$$00000000)
    __rt_lib_shutdown_cpp_1                  0x08000195   Thumb Code     0  libshutdown2.o(.ARM.Collect$$libshutdown$$00000002)
    __rt_lib_shutdown_fp_trap_1              0x08000195   Thumb Code     0  libshutdown2.o(.ARM.Collect$$libshutdown$$00000007)
    __rt_lib_shutdown_heap_1                 0x08000195   Thumb Code     0  libshutdown2.o(.ARM.Collect$$libshutdown$$0000000F)
    __rt_lib_shutdown_return                 0x08000195   Thumb Code     0  libshutdown2.o(.ARM.Collect$$libshutdown$$00000010)
    __rt_lib_shutdown_signal_1               0x08000195   Thumb Code     0  libshutdown2.o(.ARM.Collect$$libshutdown$$0000000A)
    __rt_lib_shutdown_stdio_1                0x08000195   Thumb Code     0  libshutdown2.o(.ARM.Collect$$libshutdown$$00000004)
    __rt_lib_shutdown_user_alloc_1           0x08000195   Thumb Code     0  libshutdown2.o(.ARM.Collect$$libshutdown$$0000000C)
    __rt_entry                               0x08000197   Thumb Code     0  __rtentry.o(.ARM.Collect$$rtentry$$00000000)
    __rt_entry_presh_1                       0x08000197   Thumb Code     0  __rtentry2.o(.ARM.Collect$$rtentry$$00000002)
    __rt_entry_sh                            0x08000197   Thumb Code     0  __rtentry4.o(.ARM.Collect$$rtentry$$00000004)
    __rt_entry_li                            0x0800019d   Thumb Code     0  __rtentry2.o(.ARM.Collect$$rtentry$$0000000A)
    __rt_entry_postsh_1                      0x0800019d   Thumb Code     0  __rtentry2.o(.ARM.Collect$$rtentry$$00000009)
    __rt_entry_main                          0x080001a1   Thumb Code     0  __rtentry2.o(.ARM.Collect$$rtentry$$0000000D)
    __rt_entry_postli_1                      0x080001a1   Thumb Code     0  __rtentry2.o(.ARM.Collect$$rtentry$$0000000C)
    __rt_exit                                0x080001a9   Thumb Code     0  rtexit.o(.ARM.Collect$$rtexit$$00000000)
    __rt_exit_ls                             0x080001ab   Thumb Code     0  rtexit2.o(.ARM.Collect$$rtexit$$00000003)
    __rt_exit_prels_1                        0x080001ab   Thumb Code     0  rtexit2.o(.ARM.Collect$$rtexit$$00000002)
    __rt_exit_exit                           0x080001af   Thumb Code     0  rtexit2.o(.ARM.Collect$$rtexit$$00000004)
    Reset_Handler                            0x080001b5   Thumb Code     8  startup_stm32f10x_md.o(.text)
    NMI_Handler                              0x080001bd   Thumb Code     2  startup_stm32f10x_md.o(.text)
    HardFault_Handler                        0x080001bf   Thumb Code     2  startup_stm32f10x_md.o(.text)
    MemManage_Handler                        0x080001c1   Thumb Code     2  startup_stm32f10x_md.o(.text)
    BusFault_Handler                         0x080001c3   Thumb Code     2  startup_stm32f10x_md.o(.text)
    UsageFault_Handler                       0x080001c5   Thumb Code     2  startup_stm32f10x_md.o(.text)
    DebugMon_Handler                         0x080001c9   Thumb Code     2  startup_stm32f10x_md.o(.text)
    ADC1_2_IRQHandler                        0x080001cf   Thumb Code     0  startup_stm32f10x_md.o(.text)
    CAN1_RX1_IRQHandler                      0x080001cf   Thumb Code     0  startup_stm32f10x_md.o(.text)
    CAN1_SCE_IRQHandler                      0x080001cf   Thumb Code     0  startup_stm32f10x_md.o(.text)
    EXTI0_IRQHandler                         0x080001cf   Thumb Code     0  startup_stm32f10x_md.o(.text)
    EXTI15_10_IRQHandler                     0x080001cf   Thumb Code     0  startup_stm32f10x_md.o(.text)
    EXTI1_IRQHandler                         0x080001cf   Thumb Code     0  startup_stm32f10x_md.o(.text)
    EXTI2_IRQHandler                         0x080001cf   Thumb Code     0  startup_stm32f10x_md.o(.text)
    EXTI3_IRQHandler                         0x080001cf   Thumb Code     0  startup_stm32f10x_md.o(.text)
    EXTI4_IRQHandler                         0x080001cf   Thumb Code     0  startup_stm32f10x_md.o(.text)
    EXTI9_5_IRQHandler                       0x080001cf   Thumb Code     0  startup_stm32f10x_md.o(.text)
    FLASH_IRQHandler                         0x080001cf   Thumb Code     0  startup_stm32f10x_md.o(.text)
    I2C1_ER_IRQHandler                       0x080001cf   Thumb Code     0  startup_stm32f10x_md.o(.text)
    I2C1_EV_IRQHandler                       0x080001cf   Thumb Code     0  startup_stm32f10x_md.o(.text)
    I2C2_ER_IRQHandler                       0x080001cf   Thumb Code     0  startup_stm32f10x_md.o(.text)
    I2C2_EV_IRQHandler                       0x080001cf   Thumb Code     0  startup_stm32f10x_md.o(.text)
    PVD_IRQHandler                           0x080001cf   Thumb Code     0  startup_stm32f10x_md.o(.text)
    RCC_IRQHandler                           0x080001cf   Thumb Code     0  startup_stm32f10x_md.o(.text)
    RTCAlarm_IRQHandler                      0x080001cf   Thumb Code     0  startup_stm32f10x_md.o(.text)
    RTC_IRQHandler                           0x080001cf   Thumb Code     0  startup_stm32f10x_md.o(.text)
    SPI1_IRQHandler                          0x080001cf   Thumb Code     0  startup_stm32f10x_md.o(.text)
    SPI2_IRQHandler                          0x080001cf   Thumb Code     0  startup_stm32f10x_md.o(.text)
    TAMPER_IRQHandler                        0x080001cf   Thumb Code     0  startup_stm32f10x_md.o(.text)
    TIM1_BRK_IRQHandler                      0x080001cf   Thumb Code     0  startup_stm32f10x_md.o(.text)
    TIM1_CC_IRQHandler                       0x080001cf   Thumb Code     0  startup_stm32f10x_md.o(.text)
    TIM1_TRG_COM_IRQHandler                  0x080001cf   Thumb Code     0  startup_stm32f10x_md.o(.text)
    TIM1_UP_IRQHandler                       0x080001cf   Thumb Code     0  startup_stm32f10x_md.o(.text)
    TIM2_IRQHandler                          0x080001cf   Thumb Code     0  startup_stm32f10x_md.o(.text)
    TIM3_IRQHandler                          0x080001cf   Thumb Code     0  startup_stm32f10x_md.o(.text)
    TIM4_IRQHandler                          0x080001cf   Thumb Code     0  startup_stm32f10x_md.o(.text)
    USART1_IRQHandler                        0x080001cf   Thumb Code     0  startup_stm32f10x_md.o(.text)
    USART2_IRQHandler                        0x080001cf   Thumb Code     0  startup_stm32f10x_md.o(.text)
    USART3_IRQHandler                        0x080001cf   Thumb Code     0  startup_stm32f10x_md.o(.text)
    USBWakeUp_IRQHandler                     0x080001cf   Thumb Code     0  startup_stm32f10x_md.o(.text)
    USB_HP_CAN1_TX_IRQHandler                0x080001cf   Thumb Code     0  startup_stm32f10x_md.o(.text)
    USB_LP_CAN1_RX0_IRQHandler               0x080001cf   Thumb Code     0  startup_stm32f10x_md.o(.text)
    WWDG_IRQHandler                          0x080001cf   Thumb Code     0  startup_stm32f10x_md.o(.text)
    __user_initial_stackheap                 0x080001d1   Thumb Code     0  startup_stm32f10x_md.o(.text)
    malloc                                   0x080001f5   Thumb Code    94  h1_alloc.o(.text)
    free                                     0x08000253   Thumb Code    78  h1_free.o(.text)
    __2sprintf                               0x080002a1   Thumb Code    34  noretval__2sprintf.o(.text)
    _printf_pre_padding                      0x080002c9   Thumb Code    44  _printf_pad.o(.text)
    _printf_post_padding                     0x080002f5   Thumb Code    34  _printf_pad.o(.text)
    _printf_int_dec                          0x08000319   Thumb Code   104  _printf_dec.o(.text)
    _printf_int_hex                          0x08000391   Thumb Code    84  _printf_hex_int.o(.text)
    _printf_longlong_hex                     0x08000391   Thumb Code     0  _printf_hex_int.o(.text)
    __printf                                 0x080003e9   Thumb Code   308  __printf_flags_wp.o(.text)
    __aeabi_memcpy                           0x08000521   Thumb Code     0  rt_memcpy_v6.o(.text)
    __rt_memcpy                              0x08000521   Thumb Code   138  rt_memcpy_v6.o(.text)
    _memcpy_lastbytes                        0x08000587   Thumb Code     0  rt_memcpy_v6.o(.text)
    __aeabi_memset4                          0x080005ab   Thumb Code    16  aeabi_memset4.o(.text)
    __aeabi_memset8                          0x080005ab   Thumb Code     0  aeabi_memset4.o(.text)
    __aeabi_memclr                           0x080005bb   Thumb Code     0  rt_memclr.o(.text)
    __rt_memclr                              0x080005bb   Thumb Code    68  rt_memclr.o(.text)
    _memset                                  0x080005bf   Thumb Code     0  rt_memclr.o(.text)
    __aeabi_memclr4                          0x080005ff   Thumb Code     0  rt_memclr_w.o(.text)
    __aeabi_memclr8                          0x080005ff   Thumb Code     0  rt_memclr_w.o(.text)
    __rt_memclr_w                            0x080005ff   Thumb Code    78  rt_memclr_w.o(.text)
    _memset_w                                0x08000603   Thumb Code     0  rt_memclr_w.o(.text)
    __use_two_region_memory                  0x0800064d   Thumb Code     2  heapauxi.o(.text)
    __rt_heap_escrow                         0x0800064f   Thumb Code     2  heapauxi.o(.text)
    __rt_heap_expand                         0x08000651   Thumb Code     2  heapauxi.o(.text)
    __rt_heap_descriptor                     0x08000655   Thumb Code     8  rt_heap_descriptor_intlibspace.o(.text)
    __use_no_heap                            0x0800065d   Thumb Code     2  hguard.o(.text)
    __heap$guard                             0x0800065f   Thumb Code     2  hguard.o(.text)
    _terminate_user_alloc                    0x08000661   Thumb Code     2  init_alloc.o(.text)
    _init_user_alloc                         0x08000663   Thumb Code     2  init_alloc.o(.text)
    __Heap_Full                              0x08000665   Thumb Code    34  init_alloc.o(.text)
    __Heap_Broken                            0x08000687   Thumb Code     6  init_alloc.o(.text)
    _init_alloc                              0x0800068d   Thumb Code    94  init_alloc.o(.text)
    __Heap_Initialize                        0x080006eb   Thumb Code    10  h1_init.o(.text)
    __Heap_DescSize                          0x080006f5   Thumb Code     4  h1_init.o(.text)
    _printf_int_common                       0x080006f9   Thumb Code   178  _printf_intcommon.o(.text)
    _printf_fp_dec_real                      0x0800095b   Thumb Code   620  _printf_fp_dec.o(.text)
    _printf_char_common                      0x08000bd3   Thumb Code    32  _printf_char_common.o(.text)
    _sputc                                   0x08000bf9   Thumb Code    10  _sputc.o(.text)
    __aeabi_memcpy4                          0x08000c03   Thumb Code     0  rt_memcpy_w.o(.text)
    __aeabi_memcpy8                          0x08000c03   Thumb Code     0  rt_memcpy_w.o(.text)
    __rt_memcpy_w                            0x08000c03   Thumb Code   100  rt_memcpy_w.o(.text)
    _memcpy_lastbytes_aligned                0x08000c4b   Thumb Code     0  rt_memcpy_w.o(.text)
    __user_libspace                          0x08000c69   Thumb Code     8  libspace.o(.text)
    __user_perproc_libspace                  0x08000c69   Thumb Code     0  libspace.o(.text)
    __user_perthread_libspace                0x08000c69   Thumb Code     0  libspace.o(.text)
    __rt_locale                              0x08000c71   Thumb Code     8  rt_locale_intlibspace.o(.text)
    __Heap_ProvideMemory                     0x08000c79   Thumb Code    52  h1_extend.o(.text)
    _maybe_terminate_alloc                   0x08000c79   Thumb Code     0  maybetermalloc1.o(.text)
    _ll_udiv10                               0x08000cad   Thumb Code   138  lludiv10.o(.text)
    _printf_fp_infnan                        0x08000d39   Thumb Code   112  _printf_fp_infnan.o(.text)
    _btod_etento                             0x08000db9   Thumb Code   224  bigflt0.o(.text)
    __rt_SIGRTMEM                            0x08000e9d   Thumb Code    14  defsig_rtmem_outer.o(.text)
    __I$use$semihosting                      0x08000eab   Thumb Code     0  use_no_semi.o(.text)
    __use_no_semihosting_swi                 0x08000eab   Thumb Code     2  use_no_semi.o(.text)
    __semihosting_library_function           0x08000ead   Thumb Code     0  indicate_semi.o(.text)
    __user_setup_stackheap                   0x08000ead   Thumb Code    74  sys_stackheap_outer.o(.text)
    exit                                     0x08000ef7   Thumb Code    18  exit.o(.text)
    __sig_exit                               0x08000f09   Thumb Code    10  defsig_exit.o(.text)
    __rt_SIGRTMEM_inner                      0x08000f15   Thumb Code    22  defsig_rtmem_inner.o(.text)
    strcmp                                   0x08000f65   Thumb Code   128  strcmpv7m.o(.text)
    _sys_exit                                0x08000fe5   Thumb Code     8  sys_exit.o(.text)
    __default_signal_display                 0x08000ff1   Thumb Code    50  defsig_general.o(.text)
    _ttywrch                                 0x08001023   Thumb Code    14  sys_wrch.o(.text)
    DMA1_Channel1_Event                      0x08001031   Thumb Code     2  dma_stm32f10x.o(.text.DMA1_Channel1_Event)
    DMA1_Channel1_IRQHandler                 0x08001035   Thumb Code    22  dma_stm32f10x.o(.text.DMA1_Channel1_IRQHandler)
    DMA1_Channel2_Event                      0x0800104d   Thumb Code     2  dma_stm32f10x.o(.text.DMA1_Channel2_Event)
    DMA1_Channel2_IRQHandler                 0x08001051   Thumb Code    24  dma_stm32f10x.o(.text.DMA1_Channel2_IRQHandler)
    DMA1_Channel3_Event                      0x08001069   Thumb Code     2  dma_stm32f10x.o(.text.DMA1_Channel3_Event)
    DMA1_Channel3_IRQHandler                 0x0800106d   Thumb Code    24  dma_stm32f10x.o(.text.DMA1_Channel3_IRQHandler)
    DMA1_Channel4_Event                      0x08001085   Thumb Code     2  dma_stm32f10x.o(.text.DMA1_Channel4_Event)
    DMA1_Channel4_IRQHandler                 0x08001089   Thumb Code    24  dma_stm32f10x.o(.text.DMA1_Channel4_IRQHandler)
    DMA1_Channel5_Event                      0x080010a1   Thumb Code     2  dma_stm32f10x.o(.text.DMA1_Channel5_Event)
    DMA1_Channel5_IRQHandler                 0x080010a5   Thumb Code    24  dma_stm32f10x.o(.text.DMA1_Channel5_IRQHandler)
    DMA1_Channel6_Event                      0x080010bd   Thumb Code     2  dma_stm32f10x.o(.text.DMA1_Channel6_Event)
    DMA1_Channel6_IRQHandler                 0x080010c1   Thumb Code    24  dma_stm32f10x.o(.text.DMA1_Channel6_IRQHandler)
    DMA1_Channel7_Event                      0x080010d9   Thumb Code     2  dma_stm32f10x.o(.text.DMA1_Channel7_Event)
    DMA1_Channel7_IRQHandler                 0x080010dd   Thumb Code    24  dma_stm32f10x.o(.text.DMA1_Channel7_IRQHandler)
    GPIO_Config                              0x080010f5   Thumb Code    60  uart.o(.text.GPIO_Config)
    GPIO_Init                                0x08001131   Thumb Code   176  stm32f10x_gpio.o(.text.GPIO_Init)
    GPIO_ReadInputDataBit                    0x080011e1   Thumb Code    10  stm32f10x_gpio.o(.text.GPIO_ReadInputDataBit)
    GPIO_ResetBits                           0x080011ed   Thumb Code     4  stm32f10x_gpio.o(.text.GPIO_ResetBits)
    GPIO_SetBits                             0x080011f1   Thumb Code     4  stm32f10x_gpio.o(.text.GPIO_SetBits)
    GPIO_WriteBit                            0x080011f5   Thumb Code    12  stm32f10x_gpio.o(.text.GPIO_WriteBit)
    I2C_AcknowledgeConfig                    0x08001201   Thumb Code    18  stm32f10x_i2c.o(.text.I2C_AcknowledgeConfig)
    I2C_CheckAddress                         0x08001215   Thumb Code   188  main.o(.text.I2C_CheckAddress)
    I2C_CheckEvent                           0x080012d1   Thumb Code    22  stm32f10x_i2c.o(.text.I2C_CheckEvent)
    I2C_ClearFlag                            0x080012e9   Thumb Code     6  stm32f10x_i2c.o(.text.I2C_ClearFlag)
    I2C_Cmd                                  0x080012f1   Thumb Code    18  stm32f10x_i2c.o(.text.I2C_Cmd)
    I2C_Config                               0x08001305   Thumb Code    74  max30102.o(.text.I2C_Config)
    I2C_GenerateSTART                        0x08001351   Thumb Code    18  stm32f10x_i2c.o(.text.I2C_GenerateSTART)
    I2C_GenerateSTOP                         0x08001365   Thumb Code    18  stm32f10x_i2c.o(.text.I2C_GenerateSTOP)
    I2C_GetFlagStatus                        0x08001379   Thumb Code    48  stm32f10x_i2c.o(.text.I2C_GetFlagStatus)
    I2C_Init                                 0x080013a9   Thumb Code   204  stm32f10x_i2c.o(.text.I2C_Init)
    I2C_ReceiveData                          0x08001475   Thumb Code     6  stm32f10x_i2c.o(.text.I2C_ReceiveData)
    I2C_ScanAddresses                        0x0800147d   Thumb Code   228  main.o(.text.I2C_ScanAddresses)
    I2C_Send7bitAddress                      0x08001561   Thumb Code    16  stm32f10x_i2c.o(.text.I2C_Send7bitAddress)
    I2C_SendData                             0x08001571   Thumb Code     4  stm32f10x_i2c.o(.text.I2C_SendData)
    MAX30102_Init                            0x08001575   Thumb Code   106  max30102.o(.text.MAX30102_Init)
    MAX30102_ReadFIFO                        0x080015e1   Thumb Code   316  max30102.o(.text.MAX30102_ReadFIFO)
    MAX30102_ReadReg                         0x0800171d   Thumb Code   242  max30102.o(.text.MAX30102_ReadReg)
    MAX30102_WriteReg                        0x08001811   Thumb Code   174  max30102.o(.text.MAX30102_WriteReg)
    PendSV_Handler                           0x080018c1   Thumb Code    68  port.o(.text.PendSV_Handler)
    RCC_APB1PeriphClockCmd                   0x08001905   Thumb Code    24  stm32f10x_rcc.o(.text.RCC_APB1PeriphClockCmd)
    RCC_APB2PeriphClockCmd                   0x0800191d   Thumb Code    24  stm32f10x_rcc.o(.text.RCC_APB2PeriphClockCmd)
    RCC_DeInit                               0x08001935   Thumb Code    66  stm32f10x_rcc.o(.text.RCC_DeInit)
    RCC_GetClocksFreq                        0x08001979   Thumb Code   160  stm32f10x_rcc.o(.text.RCC_GetClocksFreq)
    RCC_GetFlagStatus                        0x08001a19   Thumb Code    42  stm32f10x_rcc.o(.text.RCC_GetFlagStatus)
    RCC_HSEConfig                            0x08001a45   Thumb Code    50  stm32f10x_rcc.o(.text.RCC_HSEConfig)
    RCC_HSICmd                               0x08001a79   Thumb Code    10  stm32f10x_rcc.o(.text.RCC_HSICmd)
    SPI_Cmd                                  0x08001a85   Thumb Code    18  stm32f10x_spi.o(.text.SPI_Cmd)
    SPI_I2S_GetFlagStatus                    0x08001a99   Thumb Code    10  stm32f10x_spi.o(.text.SPI_I2S_GetFlagStatus)
    SPI_I2S_SendData                         0x08001aa5   Thumb Code     4  stm32f10x_spi.o(.text.SPI_I2S_SendData)
    SPI_Init                                 0x08001aa9   Thumb Code    70  stm32f10x_spi.o(.text.SPI_Init)
    SVC_Handler                              0x08001af1   Thumb Code    36  port.o(.text.SVC_Handler)
    SysTick_Handler                          0x08001bdd   Thumb Code    46  port.o(.text.SysTick_Handler)
    SystemInit                               0x08001c0d   Thumb Code    86  system_stm32f10x.o(.text.SystemInit)
    TFT_ClearScreen                          0x08001c65   Thumb Code    10  tft.o(.text.TFT_ClearScreen)
    TFT_DrawLine                             0x08001c71   Thumb Code   146  tft.o(.text.TFT_DrawLine)
    TFT_DrawPixel                            0x08001d05   Thumb Code    20  tft.o(.text.TFT_DrawPixel)
    TFT_FillRect                             0x08001d19   Thumb Code    64  tft.o(.text.TFT_FillRect)
    TFT_FillScreen                           0x08001d59   Thumb Code    68  tft.o(.text.TFT_FillScreen)
    TFT_Init                                 0x08001df5   Thumb Code   102  tft.o(.text.TFT_Init)
    TFT_SetAddress                           0x08002159   Thumb Code    58  tft.o(.text.TFT_SetAddress)
    TFT_SetRotation                          0x08002195   Thumb Code    58  tft.o(.text.TFT_SetRotation)
    TFT_WriteCommand                         0x080021d1   Thumb Code    68  tft.o(.text.TFT_WriteCommand)
    TFT_WriteData                            0x08002215   Thumb Code    68  tft.o(.text.TFT_WriteData)
    TFT_WriteData16                          0x08002259   Thumb Code    18  tft.o(.text.TFT_WriteData16)
    UART_Init                                0x0800226d   Thumb Code   108  uart.o(.text.UART_Init)
    UART_SendString                          0x080022d9   Thumb Code    50  uart.o(.text.UART_SendString)
    USART_Cmd                                0x0800230d   Thumb Code    18  stm32f10x_usart.o(.text.USART_Cmd)
    USART_GetFlagStatus                      0x08002321   Thumb Code    10  stm32f10x_usart.o(.text.USART_GetFlagStatus)
    USART_Init                               0x0800232d   Thumb Code   178  stm32f10x_usart.o(.text.USART_Init)
    USART_SendData                           0x080023e1   Thumb Code     8  stm32f10x_usart.o(.text.USART_SendData)
    calculate_heart_rate                     0x080023e9   Thumb Code   118  max30102.o(.text.calculate_heart_rate)
    calculate_spo2                           0x08002461   Thumb Code   232  max30102.o(.text.calculate_spo2)
    delay_ms                                 0x08002549   Thumb Code    54  max30102.o(.text.delay_ms)
    detect_peaks                             0x08002581   Thumb Code    72  max30102.o(.text.detect_peaks)
    eTaskConfirmSleepModeStatus              0x080025c9   Thumb Code    72  tasks.o(.text.eTaskConfirmSleepModeStatus)
    main                                     0x08002611   Thumb Code   352  main.o(.text.main)
    pvPortMalloc                             0x08002f99   Thumb Code    24  heap_3.o(.text.pvPortMalloc)
    pxPortInitialiseStack                    0x08002fb1   Thumb Code    32  port.o(.text.pxPortInitialiseStack)
    uxListRemove                             0x08002fd1   Thumb Code    40  list.o(.text.uxListRemove)
    vListInitialise                          0x08002ff9   Thumb Code    22  list.o(.text.vListInitialise)
    vListInitialiseItem                      0x08003011   Thumb Code     6  list.o(.text.vListInitialiseItem)
    vListInsert                              0x08003019   Thumb Code    58  list.o(.text.vListInsert)
    vPortEnterCritical                       0x08003055   Thumb Code    70  port.o(.text.vPortEnterCritical)
    vPortExitCritical                        0x0800309d   Thumb Code    46  port.o(.text.vPortExitCritical)
    vPortFree                                0x080030cd   Thumb Code    30  heap_3.o(.text.vPortFree)
    vPortSetupTimerInterrupt                 0x080030ed   Thumb Code    58  port.o(.text.vPortSetupTimerInterrupt)
    vPortSuppressTicksAndSleep               0x08003129   Thumb Code   336  port.o(.text.vPortSuppressTicksAndSleep)
    vQueueAddToRegistry                      0x08003279   Thumb Code    94  queue.o(.text.vQueueAddToRegistry)
    vQueueWaitForMessageRestricted           0x080032d9   Thumb Code    68  queue.o(.text.vQueueWaitForMessageRestricted)
    vTaskButton                              0x0800331d   Thumb Code   236  main.o(.text.vTaskButton)
    vTaskDelay                               0x08003409   Thumb Code    84  tasks.o(.text.vTaskDelay)
    vTaskDisplayTFT                          0x0800345d   Thumb Code   328  main.o(.text.vTaskDisplayTFT)
    vTaskInternalSetTimeOutState             0x080035a5   Thumb Code    26  tasks.o(.text.vTaskInternalSetTimeOutState)
    vTaskMissedYield                         0x080035c1   Thumb Code    14  tasks.o(.text.vTaskMissedYield)
    vTaskPlaceOnEventList                    0x080035d1   Thumb Code    50  tasks.o(.text.vTaskPlaceOnEventList)
    vTaskPlaceOnEventListRestricted          0x08003605   Thumb Code   110  tasks.o(.text.vTaskPlaceOnEventListRestricted)
    vTaskReadSensor                          0x08003675   Thumb Code   724  main.o(.text.vTaskReadSensor)
    vTaskStartScheduler                      0x08003949   Thumb Code   156  tasks.o(.text.vTaskStartScheduler)
    vTaskStepTick                            0x080039e5   Thumb Code   146  tasks.o(.text.vTaskStepTick)
    vTaskSuspendAll                          0x08003a79   Thumb Code    16  tasks.o(.text.vTaskSuspendAll)
    vTaskSwitchContext                       0x08003a89   Thumb Code   154  tasks.o(.text.vTaskSwitchContext)
    xPortStartScheduler                      0x08003b25   Thumb Code   190  port.o(.text.xPortStartScheduler)
    xQueueGenericCreate                      0x08003be5   Thumb Code    82  queue.o(.text.xQueueGenericCreate)
    xQueueGenericReset                       0x08003c39   Thumb Code   170  queue.o(.text.xQueueGenericReset)
    xQueueReceive                            0x08003ce5   Thumb Code   384  queue.o(.text.xQueueReceive)
    xTaskCheckForTimeOut                     0x08003e65   Thumb Code   140  tasks.o(.text.xTaskCheckForTimeOut)
    xTaskCreate                              0x08003ef1   Thumb Code   102  tasks.o(.text.xTaskCreate)
    xTaskGetSchedulerState                   0x08003f59   Thumb Code    38  tasks.o(.text.xTaskGetSchedulerState)
    xTaskGetTickCount                        0x08003f81   Thumb Code    12  tasks.o(.text.xTaskGetTickCount)
    xTaskIncrementTick                       0x08003f8d   Thumb Code   428  tasks.o(.text.xTaskIncrementTick)
    xTaskRemoveFromEventList                 0x08004139   Thumb Code   250  tasks.o(.text.xTaskRemoveFromEventList)
    xTaskResumeAll                           0x08004235   Thumb Code   368  tasks.o(.text.xTaskResumeAll)
    xTimerCreateTimerTask                    0x080043a5   Thumb Code    96  timers.o(.text.xTimerCreateTimerTask)
    _btod_d2e                                0x08004405   Thumb Code    62  btod.o(CL$$btod_d2e)
    _d2e_denorm_low                          0x08004443   Thumb Code    70  btod.o(CL$$btod_d2e_denorm_low)
    _d2e_norm_op1                            0x08004489   Thumb Code    96  btod.o(CL$$btod_d2e_norm_op1)
    __btod_div_common                        0x080044e9   Thumb Code   696  btod.o(CL$$btod_div_common)
    _e2e                                     0x08004821   Thumb Code   220  btod.o(CL$$btod_e2e)
    _btod_ediv                               0x080048fd   Thumb Code    42  btod.o(CL$$btod_ediv)
    _btod_emul                               0x08004927   Thumb Code    42  btod.o(CL$$btod_emul)
    __btod_mult_common                       0x08004951   Thumb Code   580  btod.o(CL$$btod_mult_common)
    __ARM_fpclassify                         0x08004b95   Thumb Code    40  fpclassify.o(i.__ARM_fpclassify)
    _is_digit                                0x08004bbd   Thumb Code    14  __printf_wp.o(i._is_digit)
    _get_lc_numeric                          0x08004bcd   Thumb Code    44  lc_numeric_c.o(locale$$code)
    __fpl_dretinf                            0x08004bf9   Thumb Code    12  dretinf.o(x$fpl$dretinf)
    __aeabi_f2d                              0x08004c05   Thumb Code     0  f2d.o(x$fpl$f2d)
    _f2d                                     0x08004c05   Thumb Code    86  f2d.o(x$fpl$f2d)
    __aeabi_fadd                             0x08004c5d   Thumb Code     0  faddsub_clz.o(x$fpl$fadd)
    _fadd                                    0x08004c5d   Thumb Code   196  faddsub_clz.o(x$fpl$fadd)
    __aeabi_fcmpeq                           0x08004d21   Thumb Code     0  fcmp.o(x$fpl$fcmp)
    _feq                                     0x08004d21   Thumb Code    14  fcmp.o(x$fpl$fcmp)
    _fneq                                    0x08004d2f   Thumb Code    14  fcmp.o(x$fpl$fcmp)
    __aeabi_fcmpgt                           0x08004d3d   Thumb Code     0  fcmp.o(x$fpl$fcmp)
    _fgr                                     0x08004d3d   Thumb Code    14  fcmp.o(x$fpl$fcmp)
    __aeabi_fcmpge                           0x08004d4b   Thumb Code     0  fcmp.o(x$fpl$fcmp)
    _fgeq                                    0x08004d4b   Thumb Code    14  fcmp.o(x$fpl$fcmp)
    __aeabi_fcmple                           0x08004d59   Thumb Code     0  fcmp.o(x$fpl$fcmp)
    _fleq                                    0x08004d59   Thumb Code    14  fcmp.o(x$fpl$fcmp)
    __aeabi_fcmplt                           0x08004d67   Thumb Code     0  fcmp.o(x$fpl$fcmp)
    _fls                                     0x08004d67   Thumb Code    14  fcmp.o(x$fpl$fcmp)
    __fpl_fcmp_Inf                           0x08004d75   Thumb Code    24  fcmpi.o(x$fpl$fcmpinf)
    __aeabi_fdiv                             0x08004d8d   Thumb Code     0  fdiv.o(x$fpl$fdiv)
    _fdiv                                    0x08004d8d   Thumb Code   384  fdiv.o(x$fpl$fdiv)
    __aeabi_cfcmpeq                          0x08004f11   Thumb Code     0  feqf.o(x$fpl$feqf)
    _fcmpeq                                  0x08004f11   Thumb Code   104  feqf.o(x$fpl$feqf)
    __aeabi_f2iz                             0x08004f79   Thumb Code     0  ffix.o(x$fpl$ffix)
    _ffix                                    0x08004f79   Thumb Code    54  ffix.o(x$fpl$ffix)
    __aeabi_i2f                              0x08004fb1   Thumb Code     0  fflt_clz.o(x$fpl$fflt)
    _fflt                                    0x08004fb1   Thumb Code    48  fflt_clz.o(x$fpl$fflt)
    __aeabi_ui2f                             0x08004fe1   Thumb Code     0  fflt_clz.o(x$fpl$ffltu)
    _ffltu                                   0x08004fe1   Thumb Code    38  fflt_clz.o(x$fpl$ffltu)
    _fcmpge                                  0x08005009   Thumb Code   104  fgeqf.o(x$fpl$fgeqf)
    __aeabi_cfcmple                          0x08005071   Thumb Code     0  fleqf.o(x$fpl$fleqf)
    _fcmple                                  0x08005071   Thumb Code   104  fleqf.o(x$fpl$fleqf)
    __fpl_fcmple_InfNaN                      0x080050c3   Thumb Code     0  fleqf.o(x$fpl$fleqf)
    __aeabi_fmul                             0x080050d9   Thumb Code     0  fmul.o(x$fpl$fmul)
    _fmul                                    0x080050d9   Thumb Code   258  fmul.o(x$fpl$fmul)
    __fpl_fnaninf                            0x080051db   Thumb Code   140  fnaninf.o(x$fpl$fnaninf)
    __fpl_fretinf                            0x08005267   Thumb Code    10  fretinf.o(x$fpl$fretinf)
    __aeabi_fsub                             0x08005271   Thumb Code     0  faddsub_clz.o(x$fpl$fsub)
    _fsub                                    0x08005271   Thumb Code   234  faddsub_clz.o(x$fpl$fsub)
    _printf_fp_dec                           0x0800535b   Thumb Code     4  printf1.o(x$fpl$printf1)
    __I$use$fp                               0x0800535e   Number         0  usenofp.o(x$fpl$usenofp)
    uxTopUsedPriority                        0x0800549c   Data           4  tasks.o(.rodata.uxTopUsedPriority)
    Region$$Table$$Base                      0x080054a0   Number         0  anon$$obj.o(Region$$Table)
    Region$$Table$$Limit                     0x080054c0   Number         0  anon$$obj.o(Region$$Table)
    device_active                            0x20000000   Data           4  main.o(.data.device_active)
    __libspace_start                         0x20000008   Data          96  libspace.o(.bss)
    __temporary_stack_top$libspace           0x20000068   Data           0  libspace.o(.bss)
    btn                                      0x20000068   Data           2  main.o(.bss.btn)
    buffer                                   0x2000006a   Data          50  main.o(.bss.buffer)
    buffer_index                             0x2000009c   Data           4  main.o(.bss.buffer_index)
    global_heart_rate                        0x200000a4   Data           4  main.o(.bss.global_heart_rate)
    global_spo2                              0x200000a8   Data           4  main.o(.bss.global_spo2)
    hr_history                               0x200000ac   Data         100  main.o(.bss.hr_history)
    hr_index                                 0x20000110   Data           4  main.o(.bss.hr_index)
    ir_buffer                                0x20000114   Data         100  main.o(.bss.ir_buffer)
    pxCurrentTCB                             0x2000017c   Data           4  tasks.o(.bss.pxCurrentTCB)
    red_buffer                               0x200001f4   Data         100  main.o(.bss.red_buffer)
    xQueueRegistry                           0x200002f4   Data          64  queue.o(.bss.xQueueRegistry)
    zero_count                               0x20000370   Data           4  main.o(.bss.zero_count)



==============================================================================

Memory Map of the image

  Image Entry point : 0x080000ed

  Load Region LR_IROM1 (Base: 0x08000000, Size: 0x000054e8, Max: 0x00010000, ABSOLUTE)

    Execution Region ER_IROM1 (Exec base: 0x08000000, Load base: 0x08000000, Size: 0x000054dc, Max: 0x00010000, ABSOLUTE)

    Exec Addr    Load Addr    Size         Type   Attr      Idx    E Section Name        Object

    0x08000000   0x08000000   0x000000ec   Data   RO         1783    RESET               startup_stm32f10x_md.o
    0x080000ec   0x080000ec   0x00000008   Code   RO         1939  * !!!main             c_w.l(__main.o)
    0x080000f4   0x080000f4   0x00000034   Code   RO         2251    !!!scatter          c_w.l(__scatter.o)
    0x08000128   0x08000128   0x0000001a   Code   RO         2253    !!handler_copy      c_w.l(__scatter_copy.o)
    0x08000142   0x08000142   0x00000002   PAD
    0x08000144   0x08000144   0x0000001c   Code   RO         2255    !!handler_zi        c_w.l(__scatter_zi.o)
    0x08000160   0x08000160   0x00000000   Code   RO         1926    .ARM.Collect$$_printf_percent$$00000000  c_w.l(_printf_percent.o)
    0x08000160   0x08000160   0x00000006   Code   RO         1925    .ARM.Collect$$_printf_percent$$00000003  c_w.l(_printf_f.o)
    0x08000166   0x08000166   0x00000006   Code   RO         1924    .ARM.Collect$$_printf_percent$$00000009  c_w.l(_printf_d.o)
    0x0800016c   0x0800016c   0x00000006   Code   RO         1923    .ARM.Collect$$_printf_percent$$0000000C  c_w.l(_printf_x.o)
    0x08000172   0x08000172   0x00000004   Code   RO         2005    .ARM.Collect$$_printf_percent$$00000017  c_w.l(_printf_percent_end.o)
    0x08000176   0x08000176   0x00000002   Code   RO         2184    .ARM.Collect$$libinit$$00000000  c_w.l(libinit.o)
    0x08000178   0x08000178   0x00000000   Code   RO         2011    .ARM.Collect$$libinit$$00000002  c_w.l(libinit2.o)
    0x08000178   0x08000178   0x00000000   Code   RO         2013    .ARM.Collect$$libinit$$00000004  c_w.l(libinit2.o)
    0x08000178   0x08000178   0x00000008   Code   RO         2014    .ARM.Collect$$libinit$$00000005  c_w.l(libinit2.o)
    0x08000180   0x08000180   0x00000000   Code   RO         2016    .ARM.Collect$$libinit$$0000000A  c_w.l(libinit2.o)
    0x08000180   0x08000180   0x00000000   Code   RO         2018    .ARM.Collect$$libinit$$0000000C  c_w.l(libinit2.o)
    0x08000180   0x08000180   0x00000000   Code   RO         2020    .ARM.Collect$$libinit$$0000000E  c_w.l(libinit2.o)
    0x08000180   0x08000180   0x00000006   Code   RO         2021    .ARM.Collect$$libinit$$0000000F  c_w.l(libinit2.o)
    0x08000186   0x08000186   0x00000000   Code   RO         2023    .ARM.Collect$$libinit$$00000011  c_w.l(libinit2.o)
    0x08000186   0x08000186   0x00000000   Code   RO         2025    .ARM.Collect$$libinit$$00000013  c_w.l(libinit2.o)
    0x08000186   0x08000186   0x00000000   Code   RO         2027    .ARM.Collect$$libinit$$00000015  c_w.l(libinit2.o)
    0x08000186   0x08000186   0x0000000a   Code   RO         2028    .ARM.Collect$$libinit$$00000016  c_w.l(libinit2.o)
    0x08000190   0x08000190   0x00000000   Code   RO         2029    .ARM.Collect$$libinit$$00000017  c_w.l(libinit2.o)
    0x08000190   0x08000190   0x00000000   Code   RO         2031    .ARM.Collect$$libinit$$00000019  c_w.l(libinit2.o)
    0x08000190   0x08000190   0x00000000   Code   RO         2033    .ARM.Collect$$libinit$$0000001B  c_w.l(libinit2.o)
    0x08000190   0x08000190   0x00000000   Code   RO         2035    .ARM.Collect$$libinit$$0000001D  c_w.l(libinit2.o)
    0x08000190   0x08000190   0x00000000   Code   RO         2037    .ARM.Collect$$libinit$$0000001F  c_w.l(libinit2.o)
    0x08000190   0x08000190   0x00000000   Code   RO         2039    .ARM.Collect$$libinit$$00000021  c_w.l(libinit2.o)
    0x08000190   0x08000190   0x00000000   Code   RO         2041    .ARM.Collect$$libinit$$00000023  c_w.l(libinit2.o)
    0x08000190   0x08000190   0x00000000   Code   RO         2043    .ARM.Collect$$libinit$$00000025  c_w.l(libinit2.o)
    0x08000190   0x08000190   0x00000000   Code   RO         2047    .ARM.Collect$$libinit$$0000002C  c_w.l(libinit2.o)
    0x08000190   0x08000190   0x00000000   Code   RO         2049    .ARM.Collect$$libinit$$0000002E  c_w.l(libinit2.o)
    0x08000190   0x08000190   0x00000000   Code   RO         2051    .ARM.Collect$$libinit$$00000030  c_w.l(libinit2.o)
    0x08000190   0x08000190   0x00000000   Code   RO         2053    .ARM.Collect$$libinit$$00000032  c_w.l(libinit2.o)
    0x08000190   0x08000190   0x00000002   Code   RO         2054    .ARM.Collect$$libinit$$00000033  c_w.l(libinit2.o)
    0x08000192   0x08000192   0x00000002   Code   RO         2248    .ARM.Collect$$libshutdown$$00000000  c_w.l(libshutdown.o)
    0x08000194   0x08000194   0x00000000   Code   RO         2202    .ARM.Collect$$libshutdown$$00000002  c_w.l(libshutdown2.o)
    0x08000194   0x08000194   0x00000000   Code   RO         2204    .ARM.Collect$$libshutdown$$00000004  c_w.l(libshutdown2.o)
    0x08000194   0x08000194   0x00000000   Code   RO         2207    .ARM.Collect$$libshutdown$$00000007  c_w.l(libshutdown2.o)
    0x08000194   0x08000194   0x00000000   Code   RO         2210    .ARM.Collect$$libshutdown$$0000000A  c_w.l(libshutdown2.o)
    0x08000194   0x08000194   0x00000000   Code   RO         2212    .ARM.Collect$$libshutdown$$0000000C  c_w.l(libshutdown2.o)
    0x08000194   0x08000194   0x00000000   Code   RO         2215    .ARM.Collect$$libshutdown$$0000000F  c_w.l(libshutdown2.o)
    0x08000194   0x08000194   0x00000002   Code   RO         2216    .ARM.Collect$$libshutdown$$00000010  c_w.l(libshutdown2.o)
    0x08000196   0x08000196   0x00000000   Code   RO         1971    .ARM.Collect$$rtentry$$00000000  c_w.l(__rtentry.o)
    0x08000196   0x08000196   0x00000000   Code   RO         2076    .ARM.Collect$$rtentry$$00000002  c_w.l(__rtentry2.o)
    0x08000196   0x08000196   0x00000006   Code   RO         2088    .ARM.Collect$$rtentry$$00000004  c_w.l(__rtentry4.o)
    0x0800019c   0x0800019c   0x00000000   Code   RO         2078    .ARM.Collect$$rtentry$$00000009  c_w.l(__rtentry2.o)
    0x0800019c   0x0800019c   0x00000004   Code   RO         2079    .ARM.Collect$$rtentry$$0000000A  c_w.l(__rtentry2.o)
    0x080001a0   0x080001a0   0x00000000   Code   RO         2081    .ARM.Collect$$rtentry$$0000000C  c_w.l(__rtentry2.o)
    0x080001a0   0x080001a0   0x00000008   Code   RO         2082    .ARM.Collect$$rtentry$$0000000D  c_w.l(__rtentry2.o)
    0x080001a8   0x080001a8   0x00000002   Code   RO         2189    .ARM.Collect$$rtexit$$00000000  c_w.l(rtexit.o)
    0x080001aa   0x080001aa   0x00000000   Code   RO         2222    .ARM.Collect$$rtexit$$00000002  c_w.l(rtexit2.o)
    0x080001aa   0x080001aa   0x00000004   Code   RO         2223    .ARM.Collect$$rtexit$$00000003  c_w.l(rtexit2.o)
    0x080001ae   0x080001ae   0x00000006   Code   RO         2224    .ARM.Collect$$rtexit$$00000004  c_w.l(rtexit2.o)
    0x080001b4   0x080001b4   0x00000040   Code   RO         1784    .text               startup_stm32f10x_md.o
    0x080001f4   0x080001f4   0x0000005e   Code   RO         1814    .text               c_w.l(h1_alloc.o)
    0x08000252   0x08000252   0x0000004e   Code   RO         1816    .text               c_w.l(h1_free.o)
    0x080002a0   0x080002a0   0x00000028   Code   RO         1874    .text               c_w.l(noretval__2sprintf.o)
    0x080002c8   0x080002c8   0x0000004e   Code   RO         1878    .text               c_w.l(_printf_pad.o)
    0x08000316   0x08000316   0x00000002   PAD
    0x08000318   0x08000318   0x00000078   Code   RO         1880    .text               c_w.l(_printf_dec.o)
    0x08000390   0x08000390   0x00000058   Code   RO         1885    .text               c_w.l(_printf_hex_int.o)
    0x080003e8   0x080003e8   0x00000138   Code   RO         1915    .text               c_w.l(__printf_flags_wp.o)
    0x08000520   0x08000520   0x0000008a   Code   RO         1927    .text               c_w.l(rt_memcpy_v6.o)
    0x080005aa   0x080005aa   0x00000010   Code   RO         1931    .text               c_w.l(aeabi_memset4.o)
    0x080005ba   0x080005ba   0x00000044   Code   RO         1933    .text               c_w.l(rt_memclr.o)
    0x080005fe   0x080005fe   0x0000004e   Code   RO         1935    .text               c_w.l(rt_memclr_w.o)
    0x0800064c   0x0800064c   0x00000006   Code   RO         1937    .text               c_w.l(heapauxi.o)
    0x08000652   0x08000652   0x00000002   PAD
    0x08000654   0x08000654   0x00000008   Code   RO         1975    .text               c_w.l(rt_heap_descriptor_intlibspace.o)
    0x0800065c   0x0800065c   0x00000004   Code   RO         1977    .text               c_w.l(hguard.o)
    0x08000660   0x08000660   0x0000008a   Code   RO         1979    .text               c_w.l(init_alloc.o)
    0x080006ea   0x080006ea   0x0000000e   Code   RO         1983    .text               c_w.l(h1_init.o)
    0x080006f8   0x080006f8   0x000000b2   Code   RO         1995    .text               c_w.l(_printf_intcommon.o)
    0x080007aa   0x080007aa   0x0000041c   Code   RO         1997    .text               c_w.l(_printf_fp_dec.o)
    0x08000bc6   0x08000bc6   0x00000002   PAD
    0x08000bc8   0x08000bc8   0x00000030   Code   RO         2001    .text               c_w.l(_printf_char_common.o)
    0x08000bf8   0x08000bf8   0x0000000a   Code   RO         2003    .text               c_w.l(_sputc.o)
    0x08000c02   0x08000c02   0x00000064   Code   RO         2006    .text               c_w.l(rt_memcpy_w.o)
    0x08000c66   0x08000c66   0x00000002   PAD
    0x08000c68   0x08000c68   0x00000008   Code   RO         2072    .text               c_w.l(libspace.o)
    0x08000c70   0x08000c70   0x00000008   Code   RO         2093    .text               c_w.l(rt_locale_intlibspace.o)
    0x08000c78   0x08000c78   0x00000000   Code   RO         2097    .text               c_w.l(maybetermalloc1.o)
    0x08000c78   0x08000c78   0x00000034   Code   RO         2099    .text               c_w.l(h1_extend.o)
    0x08000cac   0x08000cac   0x0000008a   Code   RO         2103    .text               c_w.l(lludiv10.o)
    0x08000d36   0x08000d36   0x00000002   PAD
    0x08000d38   0x08000d38   0x00000080   Code   RO         2105    .text               c_w.l(_printf_fp_infnan.o)
    0x08000db8   0x08000db8   0x000000e4   Code   RO         2109    .text               c_w.l(bigflt0.o)
    0x08000e9c   0x08000e9c   0x0000000e   Code   RO         2139    .text               c_w.l(defsig_rtmem_outer.o)
    0x08000eaa   0x08000eaa   0x00000002   Code   RO         2156    .text               c_w.l(use_no_semi.o)
    0x08000eac   0x08000eac   0x00000000   Code   RO         2158    .text               c_w.l(indicate_semi.o)
    0x08000eac   0x08000eac   0x0000004a   Code   RO         2159    .text               c_w.l(sys_stackheap_outer.o)
    0x08000ef6   0x08000ef6   0x00000012   Code   RO         2167    .text               c_w.l(exit.o)
    0x08000f08   0x08000f08   0x0000000a   Code   RO         2169    .text               c_w.l(defsig_exit.o)
    0x08000f12   0x08000f12   0x00000002   PAD
    0x08000f14   0x08000f14   0x00000050   Code   RO         2171    .text               c_w.l(defsig_rtmem_inner.o)
    0x08000f64   0x08000f64   0x00000080   Code   RO         2173    .text               c_w.l(strcmpv7m.o)
    0x08000fe4   0x08000fe4   0x0000000c   Code   RO         2185    .text               c_w.l(sys_exit.o)
    0x08000ff0   0x08000ff0   0x00000032   Code   RO         2199    .text               c_w.l(defsig_general.o)
    0x08001022   0x08001022   0x0000000e   Code   RO         2217    .text               c_w.l(sys_wrch.o)
    0x08001030   0x08001030   0x00000002   Code   RO         1745    .text.DMA1_Channel1_Event  dma_stm32f10x.o
    0x08001032   0x08001032   0x00000002   PAD
    0x08001034   0x08001034   0x00000016   Code   RO         1759    .text.DMA1_Channel1_IRQHandler  dma_stm32f10x.o
    0x0800104a   0x0800104a   0x00000002   PAD
    0x0800104c   0x0800104c   0x00000002   Code   RO         1747    .text.DMA1_Channel2_Event  dma_stm32f10x.o
    0x0800104e   0x0800104e   0x00000002   PAD
    0x08001050   0x08001050   0x00000018   Code   RO         1761    .text.DMA1_Channel2_IRQHandler  dma_stm32f10x.o
    0x08001068   0x08001068   0x00000002   Code   RO         1749    .text.DMA1_Channel3_Event  dma_stm32f10x.o
    0x0800106a   0x0800106a   0x00000002   PAD
    0x0800106c   0x0800106c   0x00000018   Code   RO         1763    .text.DMA1_Channel3_IRQHandler  dma_stm32f10x.o
    0x08001084   0x08001084   0x00000002   Code   RO         1751    .text.DMA1_Channel4_Event  dma_stm32f10x.o
    0x08001086   0x08001086   0x00000002   PAD
    0x08001088   0x08001088   0x00000018   Code   RO         1765    .text.DMA1_Channel4_IRQHandler  dma_stm32f10x.o
    0x080010a0   0x080010a0   0x00000002   Code   RO         1753    .text.DMA1_Channel5_Event  dma_stm32f10x.o
    0x080010a2   0x080010a2   0x00000002   PAD
    0x080010a4   0x080010a4   0x00000018   Code   RO         1767    .text.DMA1_Channel5_IRQHandler  dma_stm32f10x.o
    0x080010bc   0x080010bc   0x00000002   Code   RO         1755    .text.DMA1_Channel6_Event  dma_stm32f10x.o
    0x080010be   0x080010be   0x00000002   PAD
    0x080010c0   0x080010c0   0x00000018   Code   RO         1769    .text.DMA1_Channel6_IRQHandler  dma_stm32f10x.o
    0x080010d8   0x080010d8   0x00000002   Code   RO         1757    .text.DMA1_Channel7_Event  dma_stm32f10x.o
    0x080010da   0x080010da   0x00000002   PAD
    0x080010dc   0x080010dc   0x00000018   Code   RO         1771    .text.DMA1_Channel7_IRQHandler  dma_stm32f10x.o
    0x080010f4   0x080010f4   0x0000003c   Code   RO          124    .text.GPIO_Config   uart.o
    0x08001130   0x08001130   0x000000b0   Code   RO         1063    .text.GPIO_Init     stm32f10x_gpio.o
    0x080011e0   0x080011e0   0x0000000a   Code   RO         1067    .text.GPIO_ReadInputDataBit  stm32f10x_gpio.o
    0x080011ea   0x080011ea   0x00000002   PAD
    0x080011ec   0x080011ec   0x00000004   Code   RO         1077    .text.GPIO_ResetBits  stm32f10x_gpio.o
    0x080011f0   0x080011f0   0x00000004   Code   RO         1075    .text.GPIO_SetBits  stm32f10x_gpio.o
    0x080011f4   0x080011f4   0x0000000c   Code   RO         1079    .text.GPIO_WriteBit  stm32f10x_gpio.o
    0x08001200   0x08001200   0x00000012   Code   RO         1119    .text.I2C_AcknowledgeConfig  stm32f10x_i2c.o
    0x08001212   0x08001212   0x00000002   PAD
    0x08001214   0x08001214   0x000000bc   Code   RO           12    .text.I2C_CheckAddress  main.o
    0x080012d0   0x080012d0   0x00000016   Code   RO         1157    .text.I2C_CheckEvent  stm32f10x_i2c.o
    0x080012e6   0x080012e6   0x00000002   PAD
    0x080012e8   0x080012e8   0x00000006   Code   RO         1163    .text.I2C_ClearFlag  stm32f10x_i2c.o
    0x080012ee   0x080012ee   0x00000002   PAD
    0x080012f0   0x080012f0   0x00000012   Code   RO         1109    .text.I2C_Cmd       stm32f10x_i2c.o
    0x08001302   0x08001302   0x00000002   PAD
    0x08001304   0x08001304   0x0000004a   Code   RO           98    .text.I2C_Config    max30102.o
    0x0800134e   0x0800134e   0x00000002   PAD
    0x08001350   0x08001350   0x00000012   Code   RO         1115    .text.I2C_GenerateSTART  stm32f10x_i2c.o
    0x08001362   0x08001362   0x00000002   PAD
    0x08001364   0x08001364   0x00000012   Code   RO         1117    .text.I2C_GenerateSTOP  stm32f10x_i2c.o
    0x08001376   0x08001376   0x00000002   PAD
    0x08001378   0x08001378   0x00000030   Code   RO         1161    .text.I2C_GetFlagStatus  stm32f10x_i2c.o
    0x080013a8   0x080013a8   0x000000cc   Code   RO         1105    .text.I2C_Init      stm32f10x_i2c.o
    0x08001474   0x08001474   0x00000006   Code   RO         1131    .text.I2C_ReceiveData  stm32f10x_i2c.o
    0x0800147a   0x0800147a   0x00000002   PAD
    0x0800147c   0x0800147c   0x000000e4   Code   RO            4    .text.I2C_ScanAddresses  main.o
    0x08001560   0x08001560   0x00000010   Code   RO         1133    .text.I2C_Send7bitAddress  stm32f10x_i2c.o
    0x08001570   0x08001570   0x00000004   Code   RO         1129    .text.I2C_SendData  stm32f10x_i2c.o
    0x08001574   0x08001574   0x0000006a   Code   RO          106    .text.MAX30102_Init  max30102.o
    0x080015de   0x080015de   0x00000002   PAD
    0x080015e0   0x080015e0   0x0000013c   Code   RO          104    .text.MAX30102_ReadFIFO  max30102.o
    0x0800171c   0x0800171c   0x000000f2   Code   RO          102    .text.MAX30102_ReadReg  max30102.o
    0x0800180e   0x0800180e   0x00000002   PAD
    0x08001810   0x08001810   0x000000ae   Code   RO          100    .text.MAX30102_WriteReg  max30102.o
    0x080018be   0x080018be   0x00000002   PAD
    0x080018c0   0x080018c0   0x00000044   Code   RO          219    .text.PendSV_Handler  port.o
    0x08001904   0x08001904   0x00000018   Code   RO         1269    .text.RCC_APB1PeriphClockCmd  stm32f10x_rcc.o
    0x0800191c   0x0800191c   0x00000018   Code   RO         1267    .text.RCC_APB2PeriphClockCmd  stm32f10x_rcc.o
    0x08001934   0x08001934   0x00000042   Code   RO         1223    .text.RCC_DeInit    stm32f10x_rcc.o
    0x08001976   0x08001976   0x00000002   PAD
    0x08001978   0x08001978   0x000000a0   Code   RO         1263    .text.RCC_GetClocksFreq  stm32f10x_rcc.o
    0x08001a18   0x08001a18   0x0000002a   Code   RO         1229    .text.RCC_GetFlagStatus  stm32f10x_rcc.o
    0x08001a42   0x08001a42   0x00000002   PAD
    0x08001a44   0x08001a44   0x00000032   Code   RO         1225    .text.RCC_HSEConfig  stm32f10x_rcc.o
    0x08001a76   0x08001a76   0x00000002   PAD
    0x08001a78   0x08001a78   0x0000000a   Code   RO         1233    .text.RCC_HSICmd    stm32f10x_rcc.o
    0x08001a82   0x08001a82   0x00000002   PAD
    0x08001a84   0x08001a84   0x00000012   Code   RO         1411    .text.SPI_Cmd       stm32f10x_spi.o
    0x08001a96   0x08001a96   0x00000002   PAD
    0x08001a98   0x08001a98   0x0000000a   Code   RO         1439    .text.SPI_I2S_GetFlagStatus  stm32f10x_spi.o
    0x08001aa2   0x08001aa2   0x00000002   PAD
    0x08001aa4   0x08001aa4   0x00000004   Code   RO         1419    .text.SPI_I2S_SendData  stm32f10x_spi.o
    0x08001aa8   0x08001aa8   0x00000046   Code   RO         1403    .text.SPI_Init      stm32f10x_spi.o
    0x08001aee   0x08001aee   0x00000002   PAD
    0x08001af0   0x08001af0   0x00000024   Code   RO          205    .text.SVC_Handler   port.o
    0x08001b14   0x08001b14   0x00000008   Code   RO         1793    .text.SetSysClock   system_stm32f10x.o
    0x08001b1c   0x08001b1c   0x000000be   Code   RO         1797    .text.SetSysClockTo72  system_stm32f10x.o
    0x08001bda   0x08001bda   0x00000002   PAD
    0x08001bdc   0x08001bdc   0x0000002e   Code   RO          221    .text.SysTick_Handler  port.o
    0x08001c0a   0x08001c0a   0x00000002   PAD
    0x08001c0c   0x08001c0c   0x00000056   Code   RO         1791    .text.SystemInit    system_stm32f10x.o
    0x08001c62   0x08001c62   0x00000002   PAD
    0x08001c64   0x08001c64   0x0000000a   Code   RO           59    .text.TFT_ClearScreen  tft.o
    0x08001c6e   0x08001c6e   0x00000002   PAD
    0x08001c70   0x08001c70   0x00000092   Code   RO           73    .text.TFT_DrawLine  tft.o
    0x08001d02   0x08001d02   0x00000002   PAD
    0x08001d04   0x08001d04   0x00000014   Code   RO           71    .text.TFT_DrawPixel  tft.o
    0x08001d18   0x08001d18   0x00000040   Code   RO           57    .text.TFT_FillRect  tft.o
    0x08001d58   0x08001d58   0x00000044   Code   RO           55    .text.TFT_FillScreen  tft.o
    0x08001d9c   0x08001d9c   0x00000058   Code   RO           37    .text.TFT_GPIO_Init  tft.o
    0x08001df4   0x08001df4   0x00000066   Code   RO           35    .text.TFT_Init      tft.o
    0x08001e5a   0x08001e5a   0x00000002   PAD
    0x08001e5c   0x08001e5c   0x00000058   Code   RO           41    .text.TFT_Reset     tft.o
    0x08001eb4   0x08001eb4   0x00000070   Code   RO           39    .text.TFT_SPI_Init  tft.o
    0x08001f24   0x08001f24   0x00000232   Code   RO           43    .text.TFT_SendInitCommands  tft.o
    0x08002156   0x08002156   0x00000002   PAD
    0x08002158   0x08002158   0x0000003a   Code   RO           53    .text.TFT_SetAddress  tft.o
    0x08002192   0x08002192   0x00000002   PAD
    0x08002194   0x08002194   0x0000003a   Code   RO           45    .text.TFT_SetRotation  tft.o
    0x080021ce   0x080021ce   0x00000002   PAD
    0x080021d0   0x080021d0   0x00000044   Code   RO           47    .text.TFT_WriteCommand  tft.o
    0x08002214   0x08002214   0x00000044   Code   RO           49    .text.TFT_WriteData  tft.o
    0x08002258   0x08002258   0x00000012   Code   RO           51    .text.TFT_WriteData16  tft.o
    0x0800226a   0x0800226a   0x00000002   PAD
    0x0800226c   0x0800226c   0x0000006c   Code   RO          126    .text.UART_Init     uart.o
    0x080022d8   0x080022d8   0x00000032   Code   RO          128    .text.UART_SendString  uart.o
    0x0800230a   0x0800230a   0x00000002   PAD
    0x0800230c   0x0800230c   0x00000012   Code   RO         1655    .text.USART_Cmd     stm32f10x_usart.o
    0x0800231e   0x0800231e   0x00000002   PAD
    0x08002320   0x08002320   0x0000000a   Code   RO         1695    .text.USART_GetFlagStatus  stm32f10x_usart.o
    0x0800232a   0x0800232a   0x00000002   PAD
    0x0800232c   0x0800232c   0x000000b2   Code   RO         1647    .text.USART_Init    stm32f10x_usart.o
    0x080023de   0x080023de   0x00000002   PAD
    0x080023e0   0x080023e0   0x00000008   Code   RO         1671    .text.USART_SendData  stm32f10x_usart.o
    0x080023e8   0x080023e8   0x00000076   Code   RO          114    .text.calculate_heart_rate  max30102.o
    0x0800245e   0x0800245e   0x00000002   PAD
    0x08002460   0x08002460   0x000000e8   Code   RO          110    .text.calculate_spo2  max30102.o
    0x08002548   0x08002548   0x00000036   Code   RO          108    .text.delay_ms      max30102.o
    0x0800257e   0x0800257e   0x00000002   PAD
    0x08002580   0x08002580   0x00000048   Code   RO          112    .text.detect_peaks  max30102.o
    0x080025c8   0x080025c8   0x00000048   Code   RO          462    .text.eTaskConfirmSleepModeStatus  tasks.o
    0x08002610   0x08002610   0x00000160   Code   RO            2    .text.main          main.o
    0x08002770   0x08002770   0x0000009c   Code   RO          392    .text.prvAddCurrentTaskToDelayedList  tasks.o
    0x0800280c   0x0800280c   0x000000cc   Code   RO          380    .text.prvAddNewTaskToReadyList  tasks.o
    0x080028d8   0x080028d8   0x0000006c   Code   RO          540    .text.prvCheckForValidListAndQueue  timers.o
    0x08002944   0x08002944   0x0000004e   Code   RO          504    .text.prvCheckTasksWaitingTermination  tasks.o
    0x08002992   0x08002992   0x00000002   PAD
    0x08002994   0x08002994   0x00000026   Code   RO          273    .text.prvCopyDataFromQueue  queue.o
    0x080029ba   0x080029ba   0x00000002   PAD
    0x080029bc   0x080029bc   0x00000012   Code   RO          386    .text.prvDeleteTCB  tasks.o
    0x080029ce   0x080029ce   0x00000002   PAD
    0x080029d0   0x080029d0   0x0000004e   Code   RO          506    .text.prvGetExpectedIdleTime  tasks.o
    0x08002a1e   0x08002a1e   0x00000002   PAD
    0x08002a20   0x08002a20   0x00000020   Code   RO          574    .text.prvGetNextExpireTime  timers.o
    0x08002a40   0x08002a40   0x00000072   Code   RO          418    .text.prvIdleTask   tasks.o
    0x08002ab2   0x08002ab2   0x00000002   PAD
    0x08002ab4   0x08002ab4   0x00000020   Code   RO          245    .text.prvInitialiseNewQueue  queue.o
    0x08002ad4   0x08002ad4   0x00000096   Code   RO          378    .text.prvInitialiseNewTask  tasks.o
    0x08002b6a   0x08002b6a   0x00000002   PAD
    0x08002b6c   0x08002b6c   0x0000006e   Code   RO          502    .text.prvInitialiseTaskLists  tasks.o
    0x08002bda   0x08002bda   0x00000002   PAD
    0x08002bdc   0x08002bdc   0x00000040   Code   RO          588    .text.prvInsertTimerInActiveList  timers.o
    0x08002c1c   0x08002c1c   0x00000018   Code   RO          275    .text.prvIsQueueEmpty  queue.o
    0x08002c34   0x08002c34   0x00000020   Code   RO          211    .text.prvPortStartFirstTask  port.o
    0x08002c54   0x08002c54   0x0000003e   Code   RO          582    .text.prvProcessExpiredTimer  timers.o
    0x08002c92   0x08002c92   0x00000002   PAD
    0x08002c94   0x08002c94   0x000000fe   Code   RO          578    .text.prvProcessReceivedCommands  timers.o
    0x08002d92   0x08002d92   0x00000002   PAD
    0x08002d94   0x08002d94   0x00000080   Code   RO          576    .text.prvProcessTimerOrBlockTask  timers.o
    0x08002e14   0x08002e14   0x0000003a   Code   RO          586    .text.prvReloadTimer  timers.o
    0x08002e4e   0x08002e4e   0x00000002   PAD
    0x08002e50   0x08002e50   0x00000026   Code   RO          384    .text.prvResetNextTaskUnblockTime  tasks.o
    0x08002e76   0x08002e76   0x00000002   PAD
    0x08002e78   0x08002e78   0x0000002a   Code   RO          580    .text.prvSampleTimeNow  timers.o
    0x08002ea2   0x08002ea2   0x00000002   PAD
    0x08002ea4   0x08002ea4   0x00000034   Code   RO          584    .text.prvSwitchTimerLists  timers.o
    0x08002ed8   0x08002ed8   0x00000032   Code   RO          203    .text.prvTaskExitError  port.o
    0x08002f0a   0x08002f0a   0x00000002   PAD
    0x08002f0c   0x08002f0c   0x00000016   Code   RO          542    .text.prvTimerTask  timers.o
    0x08002f22   0x08002f22   0x00000002   PAD
    0x08002f24   0x08002f24   0x00000072   Code   RO          265    .text.prvUnlockQueue  queue.o
    0x08002f96   0x08002f96   0x00000002   PAD
    0x08002f98   0x08002f98   0x00000018   Code   RO          171    .text.pvPortMalloc  heap_3.o
    0x08002fb0   0x08002fb0   0x00000020   Code   RO          201    .text.pxPortInitialiseStack  port.o
    0x08002fd0   0x08002fd0   0x00000028   Code   RO          191    .text.uxListRemove  list.o
    0x08002ff8   0x08002ff8   0x00000016   Code   RO          183    .text.vListInitialise  list.o
    0x0800300e   0x0800300e   0x00000002   PAD
    0x08003010   0x08003010   0x00000006   Code   RO          185    .text.vListInitialiseItem  list.o
    0x08003016   0x08003016   0x00000002   PAD
    0x08003018   0x08003018   0x0000003a   Code   RO          189    .text.vListInsert   list.o
    0x08003052   0x08003052   0x00000002   PAD
    0x08003054   0x08003054   0x00000046   Code   RO          215    .text.vPortEnterCritical  port.o
    0x0800309a   0x0800309a   0x00000002   PAD
    0x0800309c   0x0800309c   0x0000002e   Code   RO          217    .text.vPortExitCritical  port.o
    0x080030ca   0x080030ca   0x00000002   PAD
    0x080030cc   0x080030cc   0x0000001e   Code   RO          173    .text.vPortFree     heap_3.o
    0x080030ea   0x080030ea   0x00000002   PAD
    0x080030ec   0x080030ec   0x0000003a   Code   RO          209    .text.vPortSetupTimerInterrupt  port.o
    0x08003126   0x08003126   0x00000002   PAD
    0x08003128   0x08003128   0x00000150   Code   RO          223    .text.vPortSuppressTicksAndSleep  port.o
    0x08003278   0x08003278   0x0000005e   Code   RO          305    .text.vQueueAddToRegistry  queue.o
    0x080032d6   0x080032d6   0x00000002   PAD
    0x080032d8   0x080032d8   0x00000044   Code   RO          309    .text.vQueueWaitForMessageRestricted  queue.o
    0x0800331c   0x0800331c   0x000000ec   Code   RO           10    .text.vTaskButton   main.o
    0x08003408   0x08003408   0x00000054   Code   RO          396    .text.vTaskDelay    tasks.o
    0x0800345c   0x0800345c   0x00000148   Code   RO            8    .text.vTaskDisplayTFT  main.o
    0x080035a4   0x080035a4   0x0000001a   Code   RO          452    .text.vTaskInternalSetTimeOutState  tasks.o
    0x080035be   0x080035be   0x00000002   PAD
    0x080035c0   0x080035c0   0x0000000e   Code   RO          456    .text.vTaskMissedYield  tasks.o
    0x080035ce   0x080035ce   0x00000002   PAD
    0x080035d0   0x080035d0   0x00000032   Code   RO          440    .text.vTaskPlaceOnEventList  tasks.o
    0x08003602   0x08003602   0x00000002   PAD
    0x08003604   0x08003604   0x0000006e   Code   RO          444    .text.vTaskPlaceOnEventListRestricted  tasks.o
    0x08003672   0x08003672   0x00000002   PAD
    0x08003674   0x08003674   0x000002d4   Code   RO            6    .text.vTaskReadSensor  main.o
    0x08003948   0x08003948   0x0000009c   Code   RO          416    .text.vTaskStartScheduler  tasks.o
    0x080039e4   0x080039e4   0x00000092   Code   RO          436    .text.vTaskStepTick  tasks.o
    0x08003a76   0x08003a76   0x00000002   PAD
    0x08003a78   0x08003a78   0x00000010   Code   RO          390    .text.vTaskSuspendAll  tasks.o
    0x08003a88   0x08003a88   0x0000009a   Code   RO          408    .text.vTaskSwitchContext  tasks.o
    0x08003b22   0x08003b22   0x00000002   PAD
    0x08003b24   0x08003b24   0x000000be   Code   RO          207    .text.xPortStartScheduler  port.o
    0x08003be2   0x08003be2   0x00000002   PAD
    0x08003be4   0x08003be4   0x00000052   Code   RO          243    .text.xQueueGenericCreate  queue.o
    0x08003c36   0x08003c36   0x00000002   PAD
    0x08003c38   0x08003c38   0x000000aa   Code   RO          241    .text.xQueueGenericReset  queue.o
    0x08003ce2   0x08003ce2   0x00000002   PAD
    0x08003ce4   0x08003ce4   0x00000180   Code   RO          271    .text.xQueueReceive  queue.o
    0x08003e64   0x08003e64   0x0000008c   Code   RO          454    .text.xTaskCheckForTimeOut  tasks.o
    0x08003ef0   0x08003ef0   0x00000066   Code   RO          376    .text.xTaskCreate   tasks.o
    0x08003f56   0x08003f56   0x00000002   PAD
    0x08003f58   0x08003f58   0x00000026   Code   RO          476    .text.xTaskGetSchedulerState  tasks.o
    0x08003f7e   0x08003f7e   0x00000002   PAD
    0x08003f80   0x08003f80   0x0000000c   Code   RO          424    .text.xTaskGetTickCount  tasks.o
    0x08003f8c   0x08003f8c   0x000001ac   Code   RO          422    .text.xTaskIncrementTick  tasks.o
    0x08004138   0x08004138   0x000000fa   Code   RO          446    .text.xTaskRemoveFromEventList  tasks.o
    0x08004232   0x08004232   0x00000002   PAD
    0x08004234   0x08004234   0x00000170   Code   RO          394    .text.xTaskResumeAll  tasks.o
    0x080043a4   0x080043a4   0x00000060   Code   RO          538    .text.xTimerCreateTimerTask  timers.o
    0x08004404   0x08004404   0x0000003e   Code   RO         2112    CL$$btod_d2e        c_w.l(btod.o)
    0x08004442   0x08004442   0x00000046   Code   RO         2114    CL$$btod_d2e_denorm_low  c_w.l(btod.o)
    0x08004488   0x08004488   0x00000060   Code   RO         2113    CL$$btod_d2e_norm_op1  c_w.l(btod.o)
    0x080044e8   0x080044e8   0x00000338   Code   RO         2122    CL$$btod_div_common  c_w.l(btod.o)
    0x08004820   0x08004820   0x000000dc   Code   RO         2119    CL$$btod_e2e        c_w.l(btod.o)
    0x080048fc   0x080048fc   0x0000002a   Code   RO         2116    CL$$btod_ediv       c_w.l(btod.o)
    0x08004926   0x08004926   0x0000002a   Code   RO         2115    CL$$btod_emul       c_w.l(btod.o)
    0x08004950   0x08004950   0x00000244   Code   RO         2121    CL$$btod_mult_common  c_w.l(btod.o)
    0x08004b94   0x08004b94   0x00000028   Code   RO         2154    i.__ARM_fpclassify  m_ws.l(fpclassify.o)
    0x08004bbc   0x08004bbc   0x0000000e   Code   RO         1913    i._is_digit         c_w.l(__printf_wp.o)
    0x08004bca   0x08004bca   0x00000002   PAD
    0x08004bcc   0x08004bcc   0x0000002c   Code   RO         2137    locale$$code        c_w.l(lc_numeric_c.o)
    0x08004bf8   0x08004bf8   0x0000000c   Code   RO         2055    x$fpl$dretinf       fz_ws.l(dretinf.o)
    0x08004c04   0x08004c04   0x00000056   Code   RO         1941    x$fpl$f2d           fz_ws.l(f2d.o)
    0x08004c5a   0x08004c5a   0x00000002   PAD
    0x08004c5c   0x08004c5c   0x000000c4   Code   RO         1943    x$fpl$fadd          fz_ws.l(faddsub_clz.o)
    0x08004d20   0x08004d20   0x00000054   Code   RO         1949    x$fpl$fcmp          fz_ws.l(fcmp.o)
    0x08004d74   0x08004d74   0x00000018   Code   RO         2148    x$fpl$fcmpinf       fz_ws.l(fcmpi.o)
    0x08004d8c   0x08004d8c   0x00000184   Code   RO         1952    x$fpl$fdiv          fz_ws.l(fdiv.o)
    0x08004f10   0x08004f10   0x00000068   Code   RO         2057    x$fpl$feqf          fz_ws.l(feqf.o)
    0x08004f78   0x08004f78   0x00000036   Code   RO         1955    x$fpl$ffix          fz_ws.l(ffix.o)
    0x08004fae   0x08004fae   0x00000002   PAD
    0x08004fb0   0x08004fb0   0x00000030   Code   RO         1960    x$fpl$fflt          fz_ws.l(fflt_clz.o)
    0x08004fe0   0x08004fe0   0x00000026   Code   RO         1959    x$fpl$ffltu         fz_ws.l(fflt_clz.o)
    0x08005006   0x08005006   0x00000002   PAD
    0x08005008   0x08005008   0x00000068   Code   RO         2059    x$fpl$fgeqf         fz_ws.l(fgeqf.o)
    0x08005070   0x08005070   0x00000068   Code   RO         2061    x$fpl$fleqf         fz_ws.l(fleqf.o)
    0x080050d8   0x080050d8   0x00000102   Code   RO         1965    x$fpl$fmul          fz_ws.l(fmul.o)
    0x080051da   0x080051da   0x0000008c   Code   RO         2063    x$fpl$fnaninf       fz_ws.l(fnaninf.o)
    0x08005266   0x08005266   0x0000000a   Code   RO         2065    x$fpl$fretinf       fz_ws.l(fretinf.o)
    0x08005270   0x08005270   0x000000ea   Code   RO         1945    x$fpl$fsub          fz_ws.l(faddsub_clz.o)
    0x0800535a   0x0800535a   0x00000004   Code   RO         1967    x$fpl$printf1       fz_ws.l(printf1.o)
    0x0800535e   0x0800535e   0x00000000   Code   RO         2067    x$fpl$usenofp       fz_ws.l(usenofp.o)
    0x0800535e   0x0800535e   0x00000028   Data   RO         1886    .constdata          c_w.l(_printf_hex_int.o)
    0x08005386   0x08005386   0x00000011   Data   RO         1916    .constdata          c_w.l(__printf_flags_wp.o)
    0x08005397   0x08005397   0x00000001   PAD
    0x08005398   0x08005398   0x00000094   Data   RO         2110    .constdata          c_w.l(bigflt0.o)
    0x0800542c   0x0800542c   0x00000004   Data   RO         1288    .rodata.ADCPrescTable  stm32f10x_rcc.o
    0x08005430   0x08005430   0x00000010   Data   RO         1287    .rodata.APBAHBPrescTable  stm32f10x_rcc.o
    0x08005440   0x08005440   0x0000005a   Data   RO           20    .rodata.str1.1      main.o
    0x0800549a   0x0800549a   0x00000002   PAD
    0x0800549c   0x0800549c   0x00000004   Data   RO          509    .rodata.uxTopUsedPriority  tasks.o
    0x080054a0   0x080054a0   0x00000020   Data   RO         2250    Region$$Table       anon$$obj.o
    0x080054c0   0x080054c0   0x0000001c   Data   RO         2136    locale$$data        c_w.l(lc_numeric_c.o)


    Execution Region RW_IRAM1 (Exec base: 0x20000000, Load base: 0x080054e0, Size: 0x00002778, Max: 0x00005000, ABSOLUTE)

    Exec Addr    Load Addr    Size         Type   Attr      Idx    E Section Name        Object

    0x20000000   0x080054e0   0x00000004   Data   RW           17    .data.device_active  main.o
    0x20000004   0x080054e4   0x00000004   Data   RW          229    .data.uxCriticalNesting  port.o
    0x20000008        -       0x00000060   Zero   RW         2073    .bss                c_w.l(libspace.o)
    0x20000068        -       0x00000002   Zero   RW           25    .bss.btn            main.o
    0x2000006a        -       0x00000032   Zero   RW           21    .bss.buffer         main.o
    0x2000009c        -       0x00000004   Zero   RW           14    .bss.buffer_index   main.o
    0x200000a0        -       0x00000001   Zero   RW           88    .bss.current_height  tft.o
    0x200000a1   0x080054e8   0x00000001   PAD
    0x200000a2        -       0x00000001   Zero   RW           87    .bss.current_width  tft.o
    0x200000a3   0x080054e8   0x00000001   PAD
    0x200000a4        -       0x00000004   Zero   RW           15    .bss.global_heart_rate  main.o
    0x200000a8        -       0x00000004   Zero   RW           16    .bss.global_spo2    main.o
    0x200000ac        -       0x00000064   Zero   RW           24    .bss.hr_history     main.o
    0x20000110        -       0x00000004   Zero   RW           19    .bss.hr_index       main.o
    0x20000114        -       0x00000064   Zero   RW           22    .bss.ir_buffer      main.o
    0x20000178        -       0x00000004   Zero   RW          594    .bss.prvSampleTimeNow.xLastTime  timers.o
    0x2000017c        -       0x00000004   Zero   RW          508    .bss.pxCurrentTCB   tasks.o
    0x20000180        -       0x00000004   Zero   RW          592    .bss.pxCurrentTimerList  timers.o
    0x20000184        -       0x00000004   Zero   RW          517    .bss.pxDelayedTaskList  tasks.o
    0x20000188        -       0x00000004   Zero   RW          518    .bss.pxOverflowDelayedTaskList  tasks.o
    0x2000018c        -       0x00000004   Zero   RW          593    .bss.pxOverflowTimerList  timers.o
    0x20000190        -       0x00000064   Zero   RW          520    .bss.pxReadyTasksLists  tasks.o
    0x200001f4        -       0x00000064   Zero   RW           23    .bss.red_buffer     main.o
    0x20000258        -       0x00000001   Zero   RW          227    .bss.ucMaxSysCallPriority  port.o
    0x20000259   0x080054e8   0x00000003   PAD
    0x2000025c        -       0x00000004   Zero   RW          228    .bss.ulMaxPRIGROUPValue  port.o
    0x20000260        -       0x00000001   Zero   RW          232    .bss.ulStoppedTimerCompensation  port.o
    0x20000261   0x080054e8   0x00000003   PAD
    0x20000264        -       0x00000001   Zero   RW          231    .bss.ulTimerCountsForOneTick  port.o
    0x20000265   0x080054e8   0x00000003   PAD
    0x20000268        -       0x00000004   Zero   RW          513    .bss.uxCurrentNumberOfTasks  tasks.o
    0x2000026c        -       0x00000004   Zero   RW          512    .bss.uxDeletedTasksWaitingCleanUp  tasks.o
    0x20000270        -       0x00000004   Zero   RW          515    .bss.uxSchedulerSuspended  tasks.o
    0x20000274        -       0x00000004   Zero   RW          510    .bss.uxTaskNumber   tasks.o
    0x20000278        -       0x00000004   Zero   RW          521    .bss.uxTopReadyPriority  tasks.o
    0x2000027c        -       0x00000014   Zero   RW          595    .bss.xActiveTimerList1  timers.o
    0x20000290        -       0x00000014   Zero   RW          596    .bss.xActiveTimerList2  timers.o
    0x200002a4        -       0x00000014   Zero   RW          528    .bss.xDelayedTaskList1  tasks.o
    0x200002b8        -       0x00000014   Zero   RW          529    .bss.xDelayedTaskList2  tasks.o
    0x200002cc        -       0x00000004   Zero   RW          524    .bss.xIdleTaskHandle  tasks.o
    0x200002d0        -       0x00000001   Zero   RW          230    .bss.xMaximumPossibleSuppressedTicks  port.o
    0x200002d1   0x080054e8   0x00000003   PAD
    0x200002d4        -       0x00000004   Zero   RW          525    .bss.xNextTaskUnblockTime  tasks.o
    0x200002d8        -       0x00000004   Zero   RW          527    .bss.xNumOfOverflows  tasks.o
    0x200002dc        -       0x00000004   Zero   RW          526    .bss.xPendedTicks   tasks.o
    0x200002e0        -       0x00000014   Zero   RW          523    .bss.xPendingReadyList  tasks.o
    0x200002f4        -       0x00000040   Zero   RW          311    .bss.xQueueRegistry  queue.o
    0x20000334        -       0x00000004   Zero   RW          514    .bss.xSchedulerRunning  tasks.o
    0x20000338        -       0x00000014   Zero   RW          519    .bss.xSuspendedTaskList  tasks.o
    0x2000034c        -       0x00000014   Zero   RW          511    .bss.xTasksWaitingTermination  tasks.o
    0x20000360        -       0x00000004   Zero   RW          516    .bss.xTickCount     tasks.o
    0x20000364        -       0x00000004   Zero   RW          590    .bss.xTimerQueue    timers.o
    0x20000368        -       0x00000004   Zero   RW          591    .bss.xTimerTaskHandle  timers.o
    0x2000036c        -       0x00000004   Zero   RW          522    .bss.xYieldPending  tasks.o
    0x20000370        -       0x00000004   Zero   RW           18    .bss.zero_count     main.o
    0x20000374   0x080054e8   0x00000004   PAD
    0x20000378        -       0x00002000   Zero   RW         1782    HEAP                startup_stm32f10x_md.o
    0x20002378        -       0x00000400   Zero   RW         1781    STACK               startup_stm32f10x_md.o


==============================================================================

Image component sizes


      Code (inc. data)   RO Data    RW Data    ZI Data      Debug   Object Name

       180          0          0          0          0       5877   dma_stm32f10x.o
        54          0          0          0          0        816   heap_3.o
       126          0          0          0          0       2001   list.o
      2056        436         90          4        372       4706   main.o
      1388          0          0          0          0       5491   max30102.o
       964         12          0          4          8       4838   port.o
      1006          0          0          0         64      20944   queue.o
        64         26        236          0       9216        800   startup_stm32f10x_md.o
       206          0          0          0          0       5771   stm32f10x_gpio.o
       378          0          0          0          0       8319   stm32f10x_i2c.o
       376          0         20          0          0       7587   stm32f10x_rcc.o
       102          0          0          0          0       6927   stm32f10x_spi.o
       214          0          0          0          0       7855   stm32f10x_usart.o
       284          0          0          0          0       2743   system_stm32f10x.o
      3112          8          4          0        260      32755   tasks.o
      1530          0          0          0          2       8702   tft.o
       918         26          0          0         60      10681   timers.o
       218          0          0          0          0       2438   uart.o

    ----------------------------------------------------------------------
     13332        508        384          8      10000     139251   Object Totals
         0          0         32          0          0          0   (incl. Generated)
       156          0          2          0         18          0   (incl. Padding)

    ----------------------------------------------------------------------

      Code (inc. data)   RO Data    RW Data    ZI Data      Debug   Library Member Name

         8          0          0          0          0         68   __main.o
       312          4         17          0          0         92   __printf_flags_wp.o
        14          0          0          0          0         68   __printf_wp.o
         0          0          0          0          0          0   __rtentry.o
        12          0          0          0          0          0   __rtentry2.o
         6          0          0          0          0          0   __rtentry4.o
        52          8          0          0          0          0   __scatter.o
        26          0          0          0          0          0   __scatter_copy.o
        28          0          0          0          0          0   __scatter_zi.o
        48          6          0          0          0         96   _printf_char_common.o
         6          0          0          0          0          0   _printf_d.o
       120         16          0          0          0         92   _printf_dec.o
         6          0          0          0          0          0   _printf_f.o
      1052          0          0          0          0        148   _printf_fp_dec.o
       128         16          0          0          0         84   _printf_fp_infnan.o
        88          4         40          0          0         88   _printf_hex_int.o
       178          0          0          0          0         88   _printf_intcommon.o
        78          0          0          0          0        108   _printf_pad.o
         0          0          0          0          0          0   _printf_percent.o
         4          0          0          0          0          0   _printf_percent_end.o
         6          0          0          0          0          0   _printf_x.o
        10          0          0          0          0         68   _sputc.o
        16          0          0          0          0         68   aeabi_memset4.o
       228          4        148          0          0         96   bigflt0.o
      1936        128          0          0          0        672   btod.o
        10          0          0          0          0         68   defsig_exit.o
        50          0          0          0          0         88   defsig_general.o
        80         58          0          0          0         76   defsig_rtmem_inner.o
        14          0          0          0          0         80   defsig_rtmem_outer.o
        18          0          0          0          0         80   exit.o
        94          0          0          0          0         80   h1_alloc.o
        52          0          0          0          0         68   h1_extend.o
        78          0          0          0          0         80   h1_free.o
        14          0          0          0          0         84   h1_init.o
         6          0          0          0          0        152   heapauxi.o
         4          0          0          0          0        136   hguard.o
         0          0          0          0          0          0   indicate_semi.o
       138          0          0          0          0        168   init_alloc.o
        44         10         28          0          0         76   lc_numeric_c.o
         2          0          0          0          0          0   libinit.o
        26          0          0          0          0          0   libinit2.o
         2          0          0          0          0          0   libshutdown.o
         2          0          0          0          0          0   libshutdown2.o
         8          4          0          0         96         68   libspace.o
       138          0          0          0          0         80   lludiv10.o
         0          0          0          0          0          0   maybetermalloc1.o
        40          6          0          0          0         84   noretval__2sprintf.o
         8          4          0          0          0         68   rt_heap_descriptor_intlibspace.o
         8          4          0          0          0         68   rt_locale_intlibspace.o
        68          0          0          0          0         68   rt_memclr.o
        78          0          0          0          0         80   rt_memclr_w.o
       138          0          0          0          0         68   rt_memcpy_v6.o
       100          0          0          0          0         80   rt_memcpy_w.o
         2          0          0          0          0          0   rtexit.o
        10          0          0          0          0          0   rtexit2.o
       128          0          0          0          0         68   strcmpv7m.o
        12          4          0          0          0         68   sys_exit.o
        74          0          0          0          0         80   sys_stackheap_outer.o
        14          0          0          0          0         76   sys_wrch.o
         2          0          0          0          0         68   use_no_semi.o
        12          0          0          0          0         68   dretinf.o
        86          4          0          0          0         84   f2d.o
       430          8          0          0          0        168   faddsub_clz.o
        84          0          0          0          0        196   fcmp.o
        24          0          0          0          0         68   fcmpi.o
       388         76          0          0          0         96   fdiv.o
       104          4          0          0          0         84   feqf.o
        54          4          0          0          0         84   ffix.o
        86          0          0          0          0        136   fflt_clz.o
       104          4          0          0          0         84   fgeqf.o
       104          4          0          0          0         84   fleqf.o
       258          4          0          0          0         84   fmul.o
       140          4          0          0          0         84   fnaninf.o
        10          0          0          0          0         68   fretinf.o
         4          0          0          0          0         68   printf1.o
         0          0          0          0          0          0   usenofp.o
        40          0          0          0          0         68   fpclassify.o

    ----------------------------------------------------------------------
      7774        388        234          0         96       5620   Library Totals
        22          0          1          0          0          0   (incl. Padding)

    ----------------------------------------------------------------------

      Code (inc. data)   RO Data    RW Data    ZI Data      Debug   Library Name

      5824        276        233          0         96       4096   c_w.l
      1888        112          0          0          0       1456   fz_ws.l
        40          0          0          0          0         68   m_ws.l

    ----------------------------------------------------------------------
      7774        388        234          0         96       5620   Library Totals

    ----------------------------------------------------------------------

==============================================================================


      Code (inc. data)   RO Data    RW Data    ZI Data      Debug   

     21106        896        618          8      10096     141387   Grand Totals
     21106        896        618          8      10096     141387   ELF Image Totals
     21106        896        618          8          0          0   ROM Totals

==============================================================================

    Total RO  Size (Code + RO Data)                21724 (  21.21kB)
    Total RW  Size (RW Data + ZI Data)             10104 (   9.87kB)
    Total ROM Size (Code + RO Data + RW Data)      21732 (  21.22kB)

==============================================================================

